Component: Arm Compiler for Embedded 6.23 Tool: armlink [5f102400]

==============================================================================

Section Cross References

    main.o(.text) refers (Special) to _printf_percent.o(.ARM.Collect$$_printf_percent$$00000000) for _printf_percent
    main.o(.text) refers (Special) to _printf_pad.o(.text) for _printf_pre_padding
    main.o(.text) refers (Special) to _printf_s.o(.ARM.Collect$$_printf_percent$$00000014) for _printf_s
    main.o(.text) refers (Special) to _printf_x.o(.ARM.Collect$$_printf_percent$$0000000C) for _printf_x
    main.o(.text) refers (Special) to _printf_d.o(.ARM.Collect$$_printf_percent$$00000009) for _printf_d
    main.o(.text) refers (Special) to _printf_u.o(.ARM.Collect$$_printf_percent$$0000000A) for _printf_u
    main.o(.text) refers (Special) to _printf_dec.o(.text) for _printf_int_dec
    main.o(.text) refers (Special) to _printf_hex_int.o(.text) for _printf_longlong_hex
    main.o(.text) refers (Special) to _printf_str.o(.text) for _printf_str
    main.o(.text.main) refers (Special) to _printf_percent.o(.ARM.Collect$$_printf_percent$$00000000) for _printf_percent
    main.o(.text.main) refers (Special) to _printf_pad.o(.text) for _printf_pre_padding
    main.o(.text.main) refers (Special) to _printf_s.o(.ARM.Collect$$_printf_percent$$00000014) for _printf_s
    main.o(.text.main) refers (Special) to _printf_x.o(.ARM.Collect$$_printf_percent$$0000000C) for _printf_x
    main.o(.text.main) refers (Special) to _printf_d.o(.ARM.Collect$$_printf_percent$$00000009) for _printf_d
    main.o(.text.main) refers (Special) to _printf_u.o(.ARM.Collect$$_printf_percent$$0000000A) for _printf_u
    main.o(.text.main) refers (Special) to _printf_dec.o(.text) for _printf_int_dec
    main.o(.text.main) refers (Special) to _printf_hex_int.o(.text) for _printf_longlong_hex
    main.o(.text.main) refers (Special) to _printf_str.o(.text) for _printf_str
    main.o(.text.main) refers to stm32f1xx_hal.o(.text.HAL_Init) for HAL_Init
    main.o(.text.main) refers to main.o(.text.SystemClock_Config) for SystemClock_Config
    main.o(.text.main) refers to stm32f1xx_hal_gpio.o(.text.HAL_GPIO_Init) for HAL_GPIO_Init
    main.o(.text.main) refers to stm32f1xx_hal_gpio.o(.text.HAL_GPIO_WritePin) for HAL_GPIO_WritePin
    main.o(.text.main) refers to main.o(.bss..L_MergedGlobals) for .L_MergedGlobals
    main.o(.text.main) refers to stm32f1xx_hal_rtc.o(.text.HAL_RTC_Init) for HAL_RTC_Init
    main.o(.text.main) refers to stm32f1xx_hal_gpio.o(.text.HAL_GPIO_TogglePin) for HAL_GPIO_TogglePin
    main.o(.text.main) refers to stm32f1xx_hal.o(.text.HAL_Delay) for HAL_Delay
    main.o(.text.main) refers to stm32f1xx_hal_iwdg.o(.text.HAL_IWDG_Init) for HAL_IWDG_Init
    main.o(.text.main) refers to main.o(.bss.hdma_adc1) for hdma_adc1
    main.o(.text.main) refers to stm32f1xx_hal_dma.o(.text.HAL_DMA_Init) for HAL_DMA_Init
    main.o(.text.main) refers to main.o(.bss..L_MergedGlobals.18) for .L_MergedGlobals.18
    main.o(.text.main) refers to stm32f1xx_hal_cortex.o(.text.HAL_NVIC_SetPriority) for HAL_NVIC_SetPriority
    main.o(.text.main) refers to stm32f1xx_hal_cortex.o(.text.HAL_NVIC_EnableIRQ) for HAL_NVIC_EnableIRQ
    main.o(.text.main) refers to main.o(.bss.hdma_usart1_tx) for hdma_usart1_tx
    main.o(.text.main) refers to main.o(.text.MX_USART1_UART_Init) for MX_USART1_UART_Init
    main.o(.text.main) refers to stm32f1xx_hal_adc.o(.text.HAL_ADC_Init) for HAL_ADC_Init
    main.o(.text.main) refers to stm32f1xx_hal_adc.o(.text.HAL_ADC_ConfigChannel) for HAL_ADC_ConfigChannel
    main.o(.text.main) refers to queue.o(.text.xQueueGenericCreate) for xQueueGenericCreate
    main.o(.text.main) refers to queue.o(.text.xQueueGenericSend) for xQueueGenericSend
    main.o(.text.main) refers to queue.o(.text.xQueueCreateMutex) for xQueueCreateMutex
    main.o(.text.main) refers to main.o(.text.vErrorHandlerTask) for vErrorHandlerTask
    main.o(.text.main) refers to tasks.o(.text.xTaskCreate) for xTaskCreate
    main.o(.text.main) refers to main.o(.text.vUARTTask) for vUARTTask
    main.o(.text.main) refers to main.o(.text.vSystemMonitorTask) for vSystemMonitorTask
    main.o(.text.main) refers to main.o(.text.ADC_Task) for ADC_Task
    main.o(.text.main) refers to main.o(.rodata.str1.1) for .L.str.3
    main.o(.text.main) refers to stm32f1xx_hal_adc.o(.text.HAL_ADC_Start_DMA) for HAL_ADC_Start_DMA
    main.o(.text.main) refers to tasks.o(.text.vTaskStartScheduler) for vTaskStartScheduler
    main.o(.ARM.exidx.text.main) refers (Special) to _printf_percent.o(.ARM.Collect$$_printf_percent$$00000000) for _printf_percent
    main.o(.ARM.exidx.text.main) refers (Special) to _printf_pad.o(.text) for _printf_pre_padding
    main.o(.ARM.exidx.text.main) refers (Special) to _printf_s.o(.ARM.Collect$$_printf_percent$$00000014) for _printf_s
[...]
    [Anonymous Symbol]                       0x080059c0   Section        0  queue.o(.text.xQueueCreateMutex)
    [Anonymous Symbol]                       0x08005a30   Section        0  queue.o(.text.xQueueCreateMutexStatic)
    [Anonymous Symbol]                       0x08005a9c   Section        0  queue.o(.text.xQueueGenericCreate)
    [Anonymous Symbol]                       0x08005b30   Section        0  queue.o(.text.xQueueGenericCreateStatic)
    [Anonymous Symbol]                       0x08005bb8   Section        0  queue.o(.text.xQueueGenericSend)
    [Anonymous Symbol]                       0x08005dfc   Section        0  queue.o(.text.xQueueGenericSendFromISR)
    [Anonymous Symbol]                       0x08005ef8   Section        0  queue.o(.text.xQueueGiveFromISR)
    [Anonymous Symbol]                       0x08005f74   Section        0  queue.o(.text.xQueueReceive)
    [Anonymous Symbol]                       0x08006164   Section        0  queue.o(.text.xQueueSemaphoreTake)
    [Anonymous Symbol]                       0x0800638c   Section        0  tasks.o(.text.xTaskCheckForTimeOut)
    [Anonymous Symbol]                       0x080063f4   Section        0  tasks.o(.text.xTaskCreate)
    [Anonymous Symbol]                       0x08006454   Section        0  tasks.o(.text.xTaskCreateStatic)
    [Anonymous Symbol]                       0x080064a4   Section        0  tasks.o(.text.xTaskDelayUntil)
    [Anonymous Symbol]                       0x08006548   Section        0  tasks.o(.text.xTaskGetSchedulerState)
    [Anonymous Symbol]                       0x08006568   Section        0  tasks.o(.text.xTaskGetTickCount)
    [Anonymous Symbol]                       0x08006574   Section        0  tasks.o(.text.xTaskIncrementTick)
    [Anonymous Symbol]                       0x080066d4   Section        0  tasks.o(.text.xTaskPriorityDisinherit)
    [Anonymous Symbol]                       0x0800674c   Section        0  tasks.o(.text.xTaskPriorityInherit)
    [Anonymous Symbol]                       0x080067f8   Section        0  tasks.o(.text.xTaskRemoveFromEventList)
    [Anonymous Symbol]                       0x080068c0   Section        0  tasks.o(.text.xTaskResumeAll)
    [Anonymous Symbol]                       0x080069e4   Section        0  timers.o(.text.xTimerCreateTimerTask)
    i._is_digit                              0x08006a8c   Section        0  __printf_wp.o(i._is_digit)
    uc_hextab                                0x08006a9a   Data          20  _printf_hex_int.o(.constdata)
    .constdata                               0x08006a9a   Section       40  _printf_hex_int.o(.constdata)
    lc_hextab                                0x08006aae   Data          20  _printf_hex_int.o(.constdata)
    maptable                                 0x08006ac2   Data          17  __printf_flags_ss_wp.o(.constdata)
    .constdata                               0x08006ac2   Section       17  __printf_flags_ss_wp.o(.constdata)
    .L__const.HAL_RCC_GetSysClockFreq.aPredivFactorTable 0x08006ad3   Data           2  stm32f1xx_hal_rcc.o(.rodata..L__const.HAL_RCC_GetSysClockFreq.aPredivFactorTable)
    .L__const.vUARTTask.error_info           0x08006ad8   Data          21  main.o(.rodata..L__const.vUARTTask.error_info)
    .L__const.vUARTTask.error_info.11        0x08006af0   Data          21  main.o(.rodata..L__const.vUARTTask.error_info.11)
    .L__const.HAL_RCC_GetSysClockFreq.aPLLMULFactorTable 0x08006b38   Data          16  stm32f1xx_hal_rcc.o(.rodata.cst16)
    .L.str.3                                 0x08006b48   Data           4  main.o(.rodata.str1.1)
    [Anonymous Symbol]                       0x08006b48   Section        0  main.o(.rodata.str1.1)
    .L.str.8                                 0x08006b51   Data           4  main.o(.rodata.str1.1)
    .L.str.6                                 0x08006b55   Data           4  main.o(.rodata.str1.1)
    .L.str.4                                 0x08006b59   Data          15  main.o(.rodata.str1.1)
    .L.str.10                                0x08006b68   Data          13  main.o(.rodata.str1.1)
    .L.str.1                                 0x08006b75   Data           5  timers.o(.rodata.str1.1)
    [Anonymous Symbol]                       0x08006b75   Section        0  timers.o(.rodata.str1.1)
    .L_MergedGlobals                         0x20000000   Data           8  stm32f1xx_hal.o(.data..L_MergedGlobals)
    [Anonymous Symbol]                       0x20000000   Section        0  stm32f1xx_hal.o(.data..L_MergedGlobals)
    uxCriticalNesting                        0x2000000c   Data           4  port.o(.data.uxCriticalNesting)
    [Anonymous Symbol]                       0x2000000c   Section        0  port.o(.data.uxCriticalNesting)
    .bss                                     0x20000010   Section       96  libspace.o(.bss)
    .L_MergedGlobals                         0x20000070   Data          92  main.o(.bss..L_MergedGlobals)
    vSystemMonitorTask.firstRun              0x20000070   Data           1  main.o(.bss..L_MergedGlobals)
    [Anonymous Symbol]                       0x20000070   Section        0  main.o(.bss..L_MergedGlobals)
    vSystemMonitorTask.lastHealthReport      0x20000088   Data           4  main.o(.bss..L_MergedGlobals)
    vSystemMonitorTask.criticalTasks         0x2000008c   Data          10  main.o(.bss..L_MergedGlobals)
    .L_MergedGlobals                         0x200000cc   Data          28  heap_4.o(.bss..L_MergedGlobals)
    pxEnd                                    0x200000cc   Data           4  heap_4.o(.bss..L_MergedGlobals)
    [Anonymous Symbol]                       0x200000cc   Section        0  heap_4.o(.bss..L_MergedGlobals)
    xFreeBytesRemaining                      0x200000d0   Data           4  heap_4.o(.bss..L_MergedGlobals)
    xMinimumEverFreeBytesRemaining           0x200000d4   Data           4  heap_4.o(.bss..L_MergedGlobals)
    xNumberOfSuccessfulAllocations           0x200000d8   Data           4  heap_4.o(.bss..L_MergedGlobals)
    xNumberOfSuccessfulFrees                 0x200000dc   Data           4  heap_4.o(.bss..L_MergedGlobals)
    xStart                                   0x200000e0   Data           8  heap_4.o(.bss..L_MergedGlobals)
    .L_MergedGlobals                         0x200000e8   Data         116  tasks.o(.bss..L_MergedGlobals)
    uxTaskNumber                             0x200000e8   Data           4  tasks.o(.bss..L_MergedGlobals)
    [Anonymous Symbol]                       0x200000e8   Section        0  tasks.o(.bss..L_MergedGlobals)
    uxDeletedTasksWaitingCleanUp             0x200000ec   Data           4  tasks.o(.bss..L_MergedGlobals)
    uxCurrentNumberOfTasks                   0x200000f0   Data           4  tasks.o(.bss..L_MergedGlobals)
    xSchedulerRunning                        0x200000f4   Data           4  tasks.o(.bss..L_MergedGlobals)
    xTickCount                               0x200000f8   Data           4  tasks.o(.bss..L_MergedGlobals)
    pxDelayedTaskList                        0x200000fc   Data           4  tasks.o(.bss..L_MergedGlobals)
    pxOverflowDelayedTaskList                0x20000100   Data           4  tasks.o(.bss..L_MergedGlobals)
    uxTopReadyPriority                       0x20000104   Data           4  tasks.o(.bss..L_MergedGlobals)
    uxSchedulerSuspended                     0x20000108   Data           4  tasks.o(.bss..L_MergedGlobals)
    xYieldPending                            0x2000010c   Data           4  tasks.o(.bss..L_MergedGlobals)
    xIdleTaskHandle                          0x20000110   Data           4  tasks.o(.bss..L_MergedGlobals)
    xNextTaskUnblockTime                     0x20000114   Data           4  tasks.o(.bss..L_MergedGlobals)
    xPendedTicks                             0x20000118   Data           4  tasks.o(.bss..L_MergedGlobals)
    xNumOfOverflows                          0x2000011c   Data           4  tasks.o(.bss..L_MergedGlobals)
    xTasksWaitingTermination                 0x20000120   Data          20  tasks.o(.bss..L_MergedGlobals)
    xSuspendedTaskList                       0x20000134   Data          20  tasks.o(.bss..L_MergedGlobals)
    xPendingReadyList                        0x20000148   Data          20  tasks.o(.bss..L_MergedGlobals)
    .L_MergedGlobals                         0x2000015c   Data          60  timers.o(.bss..L_MergedGlobals)
    xTimerQueue                              0x2000015c   Data           4  timers.o(.bss..L_MergedGlobals)
    [Anonymous Symbol]                       0x2000015c   Section        0  timers.o(.bss..L_MergedGlobals)
    xTimerTaskHandle                         0x20000160   Data           4  timers.o(.bss..L_MergedGlobals)
    pxCurrentTimerList                       0x20000164   Data           4  timers.o(.bss..L_MergedGlobals)
    pxOverflowTimerList                      0x20000168   Data           4  timers.o(.bss..L_MergedGlobals)
    prvSampleTimeNow.xLastTime               0x2000016c   Data           4  timers.o(.bss..L_MergedGlobals)
    xActiveTimerList1                        0x20000170   Data          20  timers.o(.bss..L_MergedGlobals)
    xActiveTimerList2                        0x20000184   Data          20  timers.o(.bss..L_MergedGlobals)
    .L_MergedGlobals.18                      0x20000198   Data         112  main.o(.bss..L_MergedGlobals.18)
    [Anonymous Symbol]                       0x20000198   Section        0  main.o(.bss..L_MergedGlobals.18)
    .L_MergedGlobals.2                       0x20000208   Data          40  tasks.o(.bss..L_MergedGlobals.2)
    xDelayedTaskList1                        0x20000208   Data          20  tasks.o(.bss..L_MergedGlobals.2)
    [Anonymous Symbol]                       0x20000208   Section        0  tasks.o(.bss..L_MergedGlobals.2)
    xDelayedTaskList2                        0x2000021c   Data          20  tasks.o(.bss..L_MergedGlobals.2)
    clib_mutex_cb                            0x20000230   Data         400  clib_arm.o(.bss.clib_mutex_cb)
    [Anonymous Symbol]                       0x20000230   Section        0  clib_arm.o(.bss.clib_mutex_cb)
    clib_mutex_id                            0x200003c0   Data          20  clib_arm.o(.bss.clib_mutex_id)
    [Anonymous Symbol]                       0x200003c0   Section        0  clib_arm.o(.bss.clib_mutex_id)
    prvCheckForValidListAndQueue.ucStaticTimerQueueStorage 0x2000049c   Data          80  timers.o(.bss.prvCheckForValidListAndQueue.ucStaticTimerQueueStorage)
    [Anonymous Symbol]                       0x2000049c   Section        0  timers.o(.bss.prvCheckForValidListAndQueue.ucStaticTimerQueueStorage)
    prvCheckForValidListAndQueue.xStaticTimerQueue 0x200004ec   Data          80  timers.o(.bss.prvCheckForValidListAndQueue.xStaticTimerQueue)
    [Anonymous Symbol]                       0x200004ec   Section        0  timers.o(.bss.prvCheckForValidListAndQueue.xStaticTimerQueue)
    __tagsym$$used.1                         0x2000053c   Number         0  tasks.o(.bss.pxCurrentTCB)
    pxReadyTasksLists                        0x20000540   Data        1120  tasks.o(.bss.pxReadyTasksLists)
    [Anonymous Symbol]                       0x20000540   Section        0  tasks.o(.bss.pxReadyTasksLists)
    ucHeap                                   0x200009a0   Data       10240  heap_4.o(.bss.ucHeap)
    [Anonymous Symbol]                       0x200009a0   Section        0  heap_4.o(.bss.ucHeap)
    vApplicationGetIdleTaskMemory.Idle_Stack 0x200031a4   Data         512  cmsis_os2.o(.bss.vApplicationGetIdleTaskMemory.Idle_Stack)
    [Anonymous Symbol]                       0x200031a4   Section        0  cmsis_os2.o(.bss.vApplicationGetIdleTaskMemory.Idle_Stack)
    vApplicationGetIdleTaskMemory.Idle_TCB   0x200033a4   Data          92  cmsis_os2.o(.bss.vApplicationGetIdleTaskMemory.Idle_TCB)
    [Anonymous Symbol]                       0x200033a4   Section        0  cmsis_os2.o(.bss.vApplicationGetIdleTaskMemory.Idle_TCB)
    vApplicationGetTimerTaskMemory.Timer_Stack 0x20003400   Data         320  cmsis_os2.o(.bss.vApplicationGetTimerTaskMemory.Timer_Stack)
    [Anonymous Symbol]                       0x20003400   Section        0  cmsis_os2.o(.bss.vApplicationGetTimerTaskMemory.Timer_Stack)
    vApplicationGetTimerTaskMemory.Timer_TCB 0x20003540   Data          92  cmsis_os2.o(.bss.vApplicationGetTimerTaskMemory.Timer_TCB)
    [Anonymous Symbol]                       0x20003540   Section        0  cmsis_os2.o(.bss.vApplicationGetTimerTaskMemory.Timer_TCB)
    vApplicationIdleHook.xLastIdleTime       0x2000359c   Data           4  main.o(.bss.vApplicationIdleHook.xLastIdleTime)
    [Anonymous Symbol]                       0x2000359c   Section        0  main.o(.bss.vApplicationIdleHook.xLastIdleTime)
    vSystemMonitorTask.taskStats             0x200035a0   Data         360  main.o(.bss.vSystemMonitorTask.taskStats)
    [Anonymous Symbol]                       0x200035a0   Section        0  main.o(.bss.vSystemMonitorTask.taskStats)
    Heap_Mem                                 0x20003748   Data         512  startup_stm32f10x_md.o(HEAP)
    HEAP                                     0x20003748   Section      512  startup_stm32f10x_md.o(HEAP)
    Stack_Mem                                0x20003948   Data        1024  startup_stm32f10x_md.o(STACK)
    STACK                                    0x20003948   Section     1024  startup_stm32f10x_md.o(STACK)
    __initial_sp                             0x20003d48   Data           0  startup_stm32f10x_md.o(STACK)

    Global Symbols

    Symbol Name                              Value     Ov Type        Size  Object(Section)

    BuildAttributes$$THM_ISAv4$P$D$K$B$S$PE$A:L22UL41UL21$X:L11$S22US41US21$IEEE1$IW$~IW$USESV6$~STKCKD$USESV7$~SHL$OTIME$ROPI$EBA8$UX$STANDARDLIB$REQ8$PRES8$EABIv2 0x00000000   Number         0  anon$$obj.o ABSOLUTE
    __fp_init_empty                          0x00000000   Number         0  fpinit_empty.o ABSOLUTE
    _printf_flags                            0x00000000   Number         0  printf_stubs.o ABSOLUTE
    _printf_return_value                     0x00000000   Number         0  printf_stubs.o ABSOLUTE
    _printf_sizespec                         0x00000000   Number         0  printf_stubs.o ABSOLUTE
    _printf_widthprec                        0x00000000   Number         0  printf_stubs.o ABSOLUTE
    __ARM_exceptions_init                     - Undefined Weak Reference
    __alloca_initialize                       - Undefined Weak Reference
    __arm_preinit_                            - Undefined Weak Reference
    __arm_relocate_pie_                       - Undefined Weak Reference
    __cpp_initialize__aeabi_                  - Undefined Weak Reference
    __cxa_finalize                            - Undefined Weak Reference
    __rt_locale                               - Undefined Weak Reference
    __sigvec_lookup                           - Undefined Weak Reference
    _atexit_init                              - Undefined Weak Reference
    _call_atexit_fns                          - Undefined Weak Reference
    _clock_init                               - Undefined Weak Reference
    _fp_trap_init                             - Undefined Weak Reference
    _fp_trap_shutdown                         - Undefined Weak Reference
    _get_lc_collate                           - Undefined Weak Reference
    _get_lc_ctype                             - Undefined Weak Reference
    _get_lc_monetary                          - Undefined Weak Reference
    _get_lc_numeric                           - Undefined Weak Reference
    _get_lc_time                              - Undefined Weak Reference
    _getenv_init                              - Undefined Weak Reference
    _handle_redirection                       - Undefined Weak Reference
    _init_alloc                               - Undefined Weak Reference
    _init_user_alloc                          - Undefined Weak Reference
    _initio                                   - Undefined Weak Reference
    _printf_mbtowc                            - Undefined Weak Reference
    _printf_truncate_signed                   - Undefined Weak Reference
    _printf_truncate_unsigned                 - Undefined Weak Reference
    _rand_init                                - Undefined Weak Reference
    _signal_finish                            - Undefined Weak Reference
    _signal_init                              - Undefined Weak Reference
    _terminate_alloc                          - Undefined Weak Reference
    _terminate_user_alloc                     - Undefined Weak Reference
    _terminateio                              - Undefined Weak Reference
    __Vectors_Size                           0x000000ec   Number         0  startup_stm32f10x_md.o ABSOLUTE
    __Vectors                                0x08000000   Data           4  startup_stm32f10x_md.o(RESET)
    __Vectors_End                            0x080000ec   Data           0  startup_stm32f10x_md.o(RESET)
    __main                                   0x080000ed   Thumb Code     8  __main.o(!!!main)
    __scatterload                            0x080000f5   Thumb Code     0  __scatter.o(!!!scatter)
    __scatterload_rt2                        0x080000f5   Thumb Code    84  __scatter.o(!!!scatter)
    __scatterload_rt2_thumb_only             0x080000f5   Thumb Code     0  __scatter.o(!!!scatter)
    __scatterload_loop                       0x080000ff   Thumb Code     0  __scatter.o(!!!scatter)
    __scatterload_copy                       0x08000151   Thumb Code    26  __scatter_copy.o(!!handler_copy)
    __scatterload_null                       0x0800016d   Thumb Code     2  __scatter.o(!!handler_null)
    __scatterload_zeroinit                   0x08000171   Thumb Code    28  __scatter_zi.o(!!handler_zi)
    _printf_d                                0x0800018d   Thumb Code     0  _printf_d.o(.ARM.Collect$$_printf_percent$$00000009)
    _printf_percent                          0x0800018d   Thumb Code     0  _printf_percent.o(.ARM.Collect$$_printf_percent$$00000000)
    _printf_u                                0x08000193   Thumb Code     0  _printf_u.o(.ARM.Collect$$_printf_percent$$0000000A)
    _printf_x                                0x08000199   Thumb Code     0  _printf_x.o(.ARM.Collect$$_printf_percent$$0000000C)
    _printf_s                                0x0800019f   Thumb Code     0  _printf_s.o(.ARM.Collect$$_printf_percent$$00000014)
    _printf_percent_end                      0x080001a5   Thumb Code     0  _printf_percent_end.o(.ARM.Collect$$_printf_percent$$00000017)
    __rt_lib_init                            0x080001a9   Thumb Code     0  libinit.o(.ARM.Collect$$libinit$$00000000)
    __rt_lib_init_alloca_1                   0x080001ab   Thumb Code     0  libinit2.o(.ARM.Collect$$libinit$$00000030)
    __rt_lib_init_argv_1                     0x080001ab   Thumb Code     0  libinit2.o(.ARM.Collect$$libinit$$0000002E)
    __rt_lib_init_atexit_1                   0x080001ab   Thumb Code     0  libinit2.o(.ARM.Collect$$libinit$$0000001D)
    __rt_lib_init_clock_1                    0x080001ab   Thumb Code     0  libinit2.o(.ARM.Collect$$libinit$$00000023)
    __rt_lib_init_cpp_1                      0x080001ab   Thumb Code     0  libinit2.o(.ARM.Collect$$libinit$$00000034)
    __rt_lib_init_exceptions_1               0x080001ab   Thumb Code     0  libinit2.o(.ARM.Collect$$libinit$$00000032)
    __rt_lib_init_fp_1                       0x080001ab   Thumb Code     0  libinit2.o(.ARM.Collect$$libinit$$00000002)
    __rt_lib_init_fp_trap_1                  0x080001ab   Thumb Code     0  libinit2.o(.ARM.Collect$$libinit$$00000021)
    __rt_lib_init_getenv_1                   0x080001ab   Thumb Code     0  libinit2.o(.ARM.Collect$$libinit$$00000025)
    __rt_lib_init_heap_1                     0x080001ab   Thumb Code     0  libinit2.o(.ARM.Collect$$libinit$$0000000C)
    __rt_lib_init_lc_collate_1               0x080001ab   Thumb Code     0  libinit2.o(.ARM.Collect$$libinit$$00000013)
    __rt_lib_init_lc_ctype_1                 0x080001ab   Thumb Code     0  libinit2.o(.ARM.Collect$$libinit$$00000015)
    __rt_lib_init_lc_monetary_1              0x080001ab   Thumb Code     0  libinit2.o(.ARM.Collect$$libinit$$00000017)
    __rt_lib_init_lc_numeric_1               0x080001ab   Thumb Code     0  libinit2.o(.ARM.Collect$$libinit$$00000019)
    __rt_lib_init_lc_time_1                  0x080001ab   Thumb Code     0  libinit2.o(.ARM.Collect$$libinit$$0000001B)
    __rt_lib_init_preinit_1                  0x080001ab   Thumb Code     0  libinit2.o(.ARM.Collect$$libinit$$00000006)
    __rt_lib_init_rand_1                     0x080001ab   Thumb Code     0  libinit2.o(.ARM.Collect$$libinit$$00000010)
    __rt_lib_init_relocate_pie_1             0x080001ab   Thumb Code     0  libinit2.o(.ARM.Collect$$libinit$$00000004)
    __rt_lib_init_return                     0x080001ab   Thumb Code     0  libinit2.o(.ARM.Collect$$libinit$$00000035)
    __rt_lib_init_signal_1                   0x080001ab   Thumb Code     0  libinit2.o(.ARM.Collect$$libinit$$0000001F)
    __rt_lib_init_stdio_1                    0x080001ab   Thumb Code     0  libinit2.o(.ARM.Collect$$libinit$$00000027)
    __rt_lib_init_user_alloc_1               0x080001ab   Thumb Code     0  libinit2.o(.ARM.Collect$$libinit$$0000000E)
    __rt_lib_shutdown                        0x080001ad   Thumb Code     0  libshutdown.o(.ARM.Collect$$libshutdown$$00000000)
    __rt_lib_shutdown_cpp_1                  0x080001af   Thumb Code     0  libshutdown2.o(.ARM.Collect$$libshutdown$$00000002)
    __rt_lib_shutdown_fp_trap_1              0x080001af   Thumb Code     0  libshutdown2.o(.ARM.Collect$$libshutdown$$00000007)
    __rt_lib_shutdown_heap_1                 0x080001af   Thumb Code     0  libshutdown2.o(.ARM.Collect$$libshutdown$$0000000F)
    __rt_lib_shutdown_return                 0x080001af   Thumb Code     0  libshutdown2.o(.ARM.Collect$$libshutdown$$00000010)
    __rt_lib_shutdown_signal_1               0x080001af   Thumb Code     0  libshutdown2.o(.ARM.Collect$$libshutdown$$0000000A)
    __rt_lib_shutdown_stdio_1                0x080001af   Thumb Code     0  libshutdown2.o(.ARM.Collect$$libshutdown$$00000004)
    __rt_lib_shutdown_user_alloc_1           0x080001af   Thumb Code     0  libshutdown2.o(.ARM.Collect$$libshutdown$$0000000C)
    __rt_entry                               0x080001b1   Thumb Code     0  __rtentry.o(.ARM.Collect$$rtentry$$00000000)
    __rt_entry_presh_1                       0x080001b1   Thumb Code     0  __rtentry2.o(.ARM.Collect$$rtentry$$00000002)
    __rt_entry_sh                            0x080001b1   Thumb Code     0  __rtentry4.o(.ARM.Collect$$rtentry$$00000004)
    __rt_entry_postsh_1                      0x080001b7   Thumb Code     0  __rtentry2.o(.ARM.Collect$$rtentry$$00000008)
    __rt_entry_li                            0x080001bf   Thumb Code     0  __rtentry2.o(.ARM.Collect$$rtentry$$0000000A)
    __rt_entry_main                          0x080001c3   Thumb Code     0  __rtentry2.o(.ARM.Collect$$rtentry$$0000000D)
    __rt_entry_postli_1                      0x080001c3   Thumb Code     0  __rtentry2.o(.ARM.Collect$$rtentry$$0000000C)
    __rt_exit                                0x080001cb   Thumb Code     0  rtexit.o(.ARM.Collect$$rtexit$$00000000)
    __rt_exit_ls                             0x080001cd   Thumb Code     0  rtexit2.o(.ARM.Collect$$rtexit$$00000003)
    __rt_exit_prels_1                        0x080001cd   Thumb Code     0  rtexit2.o(.ARM.Collect$$rtexit$$00000002)
    __rt_exit_exit                           0x080001d1   Thumb Code     0  rtexit2.o(.ARM.Collect$$rtexit$$00000004)
    Reset_Handler                            0x080001d9   Thumb Code     8  startup_stm32f10x_md.o(.text)
    ADC1_2_IRQHandler                        0x080001f3   Thumb Code     0  startup_stm32f10x_md.o(.text)
    CAN1_RX1_IRQHandler                      0x080001f3   Thumb Code     0  startup_stm32f10x_md.o(.text)
    CAN1_SCE_IRQHandler                      0x080001f3   Thumb Code     0  startup_stm32f10x_md.o(.text)
    DMA1_Channel2_IRQHandler                 0x080001f3   Thumb Code     0  startup_stm32f10x_md.o(.text)
    DMA1_Channel3_IRQHandler                 0x080001f3   Thumb Code     0  startup_stm32f10x_md.o(.text)
    DMA1_Channel5_IRQHandler                 0x080001f3   Thumb Code     0  startup_stm32f10x_md.o(.text)
    DMA1_Channel6_IRQHandler                 0x080001f3   Thumb Code     0  startup_stm32f10x_md.o(.text)
    DMA1_Channel7_IRQHandler                 0x080001f3   Thumb Code     0  startup_stm32f10x_md.o(.text)
    EXTI0_IRQHandler                         0x080001f3   Thumb Code     0  startup_stm32f10x_md.o(.text)
    EXTI15_10_IRQHandler                     0x080001f3   Thumb Code     0  startup_stm32f10x_md.o(.text)
    EXTI1_IRQHandler                         0x080001f3   Thumb Code     0  startup_stm32f10x_md.o(.text)
    EXTI2_IRQHandler                         0x080001f3   Thumb Code     0  startup_stm32f10x_md.o(.text)
    EXTI3_IRQHandler                         0x080001f3   Thumb Code     0  startup_stm32f10x_md.o(.text)
    EXTI4_IRQHandler                         0x080001f3   Thumb Code     0  startup_stm32f10x_md.o(.text)
    EXTI9_5_IRQHandler                       0x080001f3   Thumb Code     0  startup_stm32f10x_md.o(.text)
    FLASH_IRQHandler                         0x080001f3   Thumb Code     0  startup_stm32f10x_md.o(.text)
    I2C1_ER_IRQHandler                       0x080001f3   Thumb Code     0  startup_stm32f10x_md.o(.text)
    I2C1_EV_IRQHandler                       0x080001f3   Thumb Code     0  startup_stm32f10x_md.o(.text)
    I2C2_ER_IRQHandler                       0x080001f3   Thumb Code     0  startup_stm32f10x_md.o(.text)
    I2C2_EV_IRQHandler                       0x080001f3   Thumb Code     0  startup_stm32f10x_md.o(.text)
    PVD_IRQHandler                           0x080001f3   Thumb Code     0  startup_stm32f10x_md.o(.text)
    RCC_IRQHandler                           0x080001f3   Thumb Code     0  startup_stm32f10x_md.o(.text)
    RTCAlarm_IRQHandler                      0x080001f3   Thumb Code     0  startup_stm32f10x_md.o(.text)
    RTC_IRQHandler                           0x080001f3   Thumb Code     0  startup_stm32f10x_md.o(.text)
    SPI1_IRQHandler                          0x080001f3   Thumb Code     0  startup_stm32f10x_md.o(.text)
    SPI2_IRQHandler                          0x080001f3   Thumb Code     0  startup_stm32f10x_md.o(.text)
    TAMPER_IRQHandler                        0x080001f3   Thumb Code     0  startup_stm32f10x_md.o(.text)
    TIM1_BRK_IRQHandler                      0x080001f3   Thumb Code     0  startup_stm32f10x_md.o(.text)
    TIM1_CC_IRQHandler                       0x080001f3   Thumb Code     0  startup_stm32f10x_md.o(.text)
    TIM1_TRG_COM_IRQHandler                  0x080001f3   Thumb Code     0  startup_stm32f10x_md.o(.text)
    TIM1_UP_IRQHandler                       0x080001f3   Thumb Code     0  startup_stm32f10x_md.o(.text)
    TIM2_IRQHandler                          0x080001f3   Thumb Code     0  startup_stm32f10x_md.o(.text)
    TIM4_IRQHandler                          0x080001f3   Thumb Code     0  startup_stm32f10x_md.o(.text)
    USART2_IRQHandler                        0x080001f3   Thumb Code     0  startup_stm32f10x_md.o(.text)
    USART3_IRQHandler                        0x080001f3   Thumb Code     0  startup_stm32f10x_md.o(.text)
    USBWakeUp_IRQHandler                     0x080001f3   Thumb Code     0  startup_stm32f10x_md.o(.text)
    USB_HP_CAN1_TX_IRQHandler                0x080001f3   Thumb Code     0  startup_stm32f10x_md.o(.text)
    USB_LP_CAN1_RX0_IRQHandler               0x080001f3   Thumb Code     0  startup_stm32f10x_md.o(.text)
    WWDG_IRQHandler                          0x080001f3   Thumb Code     0  startup_stm32f10x_md.o(.text)
    __user_initial_stackheap                 0x080001f5   Thumb Code     0  startup_stm32f10x_md.o(.text)
    __2snprintf                              0x08000219   Thumb Code    58  __2snprintf.o(.text)
    _printf_pre_padding                      0x08000259   Thumb Code    44  _printf_pad.o(.text)
    _printf_post_padding                     0x08000285   Thumb Code    34  _printf_pad.o(.text)
    _printf_str                              0x080002a7   Thumb Code    82  _printf_str.o(.text)
    _printf_int_dec                          0x080002f9   Thumb Code   104  _printf_dec.o(.text)
    _printf_int_hex                          0x08000371   Thumb Code    84  _printf_hex_int.o(.text)
    _printf_longlong_hex                     0x08000371   Thumb Code     0  _printf_hex_int.o(.text)
    __printf                                 0x080003c9   Thumb Code   388  __printf_flags_ss_wp.o(.text)
    __aeabi_memcpy                           0x08000551   Thumb Code     0  rt_memcpy_v6.o(.text)
    __rt_memcpy                              0x08000551   Thumb Code   138  rt_memcpy_v6.o(.text)
    _memcpy_lastbytes                        0x080005b7   Thumb Code     0  rt_memcpy_v6.o(.text)
    __aeabi_memset4                          0x080005db   Thumb Code    16  aeabi_memset4.o(.text)
    __aeabi_memset8                          0x080005db   Thumb Code     0  aeabi_memset4.o(.text)
    __aeabi_memclr                           0x080005eb   Thumb Code     0  rt_memclr.o(.text)
    __rt_memclr                              0x080005eb   Thumb Code     0  rt_memclr.o(.text)
    _memset                                  0x080005ef   Thumb Code    64  rt_memclr.o(.text)
    __aeabi_memclr4                          0x0800062f   Thumb Code     0  rt_memclr_w.o(.text)
    __aeabi_memclr8                          0x0800062f   Thumb Code     0  rt_memclr_w.o(.text)
    __rt_memclr_w                            0x0800062f   Thumb Code     0  rt_memclr_w.o(.text)
    _memset_w                                0x08000633   Thumb Code    74  rt_memclr_w.o(.text)
    strncpy                                  0x0800067d   Thumb Code    86  strncpy.o(.text)
    __use_two_region_memory                  0x080006d3   Thumb Code     2  heapauxi.o(.text)
    __rt_heap_escrow$2region                 0x080006d5   Thumb Code     2  heapauxi.o(.text)
    __rt_heap_expand$2region                 0x080006d7   Thumb Code     2  heapauxi.o(.text)
    _printf_int_common                       0x080006d9   Thumb Code   178  _printf_intcommon.o(.text)
    _printf_char_common                      0x08000797   Thumb Code    32  _printf_char_common.o(.text)
    _snputc                                  0x080007bd   Thumb Code    16  _snputc.o(.text)
    _printf_cs_common                        0x080007cd   Thumb Code    20  _printf_char.o(.text)
    _printf_char                             0x080007e1   Thumb Code    16  _printf_char.o(.text)
    _printf_string                           0x080007f1   Thumb Code     8  _printf_char.o(.text)
    __aeabi_memcpy4                          0x080007f9   Thumb Code     0  rt_memcpy_w.o(.text)
    __aeabi_memcpy8                          0x080007f9   Thumb Code     0  rt_memcpy_w.o(.text)
    __rt_memcpy_w                            0x080007f9   Thumb Code   100  rt_memcpy_w.o(.text)
    _memcpy_lastbytes_aligned                0x08000841   Thumb Code     0  rt_memcpy_w.o(.text)
    __user_setup_stackheap                   0x0800085d   Thumb Code    74  sys_stackheap_outer.o(.text)
    exit                                     0x080008a7   Thumb Code    18  exit.o(.text)
    __user_libspace                          0x080008b9   Thumb Code     8  libspace.o(.text)
    __user_perproc_libspace                  0x080008b9   Thumb Code     0  libspace.o(.text)
    _sys_exit                                0x080008c1   Thumb Code     8  sys_exit.o(.text)
    __I$use$semihosting                      0x080008cd   Thumb Code     0  use_no_semi.o(.text)
    __use_no_semihosting_swi                 0x080008cd   Thumb Code     2  use_no_semi.o(.text)
    __semihosting_library_function           0x080008cf   Thumb Code     0  indicate_semi.o(.text)
    ADC_DMAConvCplt                          0x080008d1   Thumb Code    82  stm32f1xx_hal_adc.o(.text.ADC_DMAConvCplt)
    ADC_DMAError                             0x08000925   Thumb Code    22  stm32f1xx_hal_adc.o(.text.ADC_DMAError)
    ADC_DMAHalfConvCplt                      0x0800093d   Thumb Code     6  stm32f1xx_hal_adc.o(.text.ADC_DMAHalfConvCplt)
    ADC_Task                                 0x08000945   Thumb Code   396  main.o(.text.ADC_Task)
    BusFault_Handler                         0x08000add   Thumb Code     2  stm32f1xx_it.o(.text.BusFault_Handler)
    DMA1_Channel1_IRQHandler                 0x08000ae1   Thumb Code    12  main.o(.text.DMA1_Channel1_IRQHandler)
    DMA1_Channel4_IRQHandler                 0x08000aed   Thumb Code    12  main.o(.text.DMA1_Channel4_IRQHandler)
    DebugMon_Handler                         0x08000af9   Thumb Code     2  stm32f1xx_it.o(.text.DebugMon_Handler)
    HAL_ADC_ConfigChannel                    0x08000afd   Thumb Code   318  stm32f1xx_hal_adc.o(.text.HAL_ADC_ConfigChannel)
    HAL_ADC_ConvCpltCallback                 0x08000c3d   Thumb Code    70  main.o(.text.HAL_ADC_ConvCpltCallback)
    HAL_ADC_ConvHalfCpltCallback             0x08000c85   Thumb Code     2  stm32f1xx_hal_adc.o(.text.HAL_ADC_ConvHalfCpltCallback)
    HAL_ADC_ErrorCallback                    0x08000c89   Thumb Code     2  stm32f1xx_hal_adc.o(.text.HAL_ADC_ErrorCallback)
    HAL_ADC_Init                             0x08000c8d   Thumb Code   328  stm32f1xx_hal_adc.o(.text.HAL_ADC_Init)
    HAL_ADC_MspInit                          0x08000dd5   Thumb Code     2  stm32f1xx_hal_adc.o(.text.HAL_ADC_MspInit)
    HAL_ADC_Start_DMA                        0x08000dd9   Thumb Code   424  stm32f1xx_hal_adc.o(.text.HAL_ADC_Start_DMA)
    HAL_DMA_Abort_IT                         0x08000f81   Thumb Code   176  stm32f1xx_hal_dma.o(.text.HAL_DMA_Abort_IT)
    HAL_DMA_IRQHandler                       0x08001031   Thumb Code   412  stm32f1xx_hal_dma.o(.text.HAL_DMA_IRQHandler)
    HAL_DMA_Init                             0x080011cd   Thumb Code   116  stm32f1xx_hal_dma.o(.text.HAL_DMA_Init)
    HAL_DMA_Start_IT                         0x08001241   Thumb Code   160  stm32f1xx_hal_dma.o(.text.HAL_DMA_Start_IT)
    HAL_Delay                                0x080012e1   Thumb Code    40  stm32f1xx_hal.o(.text.HAL_Delay)
    HAL_GPIO_Init                            0x08001309   Thumb Code   514  stm32f1xx_hal_gpio.o(.text.HAL_GPIO_Init)
    HAL_GPIO_TogglePin                       0x0800150d   Thumb Code    14  stm32f1xx_hal_gpio.o(.text.HAL_GPIO_TogglePin)
    HAL_GPIO_WritePin                        0x0800151d   Thumb Code    10  stm32f1xx_hal_gpio.o(.text.HAL_GPIO_WritePin)
    HAL_GetTick                              0x08001529   Thumb Code    12  stm32f1xx_hal.o(.text.HAL_GetTick)
    HAL_IWDG_Init                            0x08001535   Thumb Code    70  stm32f1xx_hal_iwdg.o(.text.HAL_IWDG_Init)
    HAL_IWDG_Refresh                         0x0800157d   Thumb Code    12  stm32f1xx_hal_iwdg.o(.text.HAL_IWDG_Refresh)
    HAL_IncTick                              0x08001589   Thumb Code    26  stm32f1xx_hal.o(.text.HAL_IncTick)
    HAL_Init                                 0x080015a5   Thumb Code    38  stm32f1xx_hal.o(.text.HAL_Init)
    HAL_InitTick                             0x080015cd   Thumb Code   178  stm32f1xx_hal_timebase_tim.o(.text.HAL_InitTick)
    HAL_MspInit                              0x08001681   Thumb Code    66  stm32f1xx_hal_msp.o(.text.HAL_MspInit)
    HAL_NVIC_EnableIRQ                       0x080016c5   Thumb Code    34  stm32f1xx_hal_cortex.o(.text.HAL_NVIC_EnableIRQ)
    HAL_NVIC_SetPriority                     0x080016e9   Thumb Code    86  stm32f1xx_hal_cortex.o(.text.HAL_NVIC_SetPriority)
    HAL_NVIC_SetPriorityGrouping             0x08001741   Thumb Code    32  stm32f1xx_hal_cortex.o(.text.HAL_NVIC_SetPriorityGrouping)
    HAL_PWR_EnableBkUpAccess                 0x08001761   Thumb Code    12  stm32f1xx_hal_pwr.o(.text.HAL_PWR_EnableBkUpAccess)
    HAL_RCCEx_GetPeriphCLKFreq               0x0800176d   Thumb Code   228  stm32f1xx_hal_rcc_ex.o(.text.HAL_RCCEx_GetPeriphCLKFreq)
    HAL_RCCEx_PeriphCLKConfig                0x08001865   Thumb Code   258  stm32f1xx_hal_rcc_ex.o(.text.HAL_RCCEx_PeriphCLKConfig)
    HAL_RCC_ClockConfig                      0x08001969   Thumb Code   444  stm32f1xx_hal_rcc.o(.text.HAL_RCC_ClockConfig)
    HAL_RCC_GetClockConfig                   0x08001b25   Thumb Code    66  stm32f1xx_hal_rcc.o(.text.HAL_RCC_GetClockConfig)
    HAL_RCC_GetPCLK1Freq                     0x08001b69   Thumb Code    40  stm32f1xx_hal_rcc.o(.text.HAL_RCC_GetPCLK1Freq)
    HAL_RCC_GetPCLK2Freq                     0x08001b91   Thumb Code    40  stm32f1xx_hal_rcc.o(.text.HAL_RCC_GetPCLK2Freq)
    HAL_RCC_OscConfig                        0x08001bb9   Thumb Code  1024  stm32f1xx_hal_rcc.o(.text.HAL_RCC_OscConfig)
    HAL_RTC_GetDate                          0x08001fb9   Thumb Code   202  stm32f1xx_hal_rtc.o(.text.HAL_RTC_GetDate)
    HAL_RTC_GetTime                          0x08002085   Thumb Code   570  stm32f1xx_hal_rtc.o(.text.HAL_RTC_GetTime)
    HAL_RTC_Init                             0x080022c1   Thumb Code   252  stm32f1xx_hal_rtc.o(.text.HAL_RTC_Init)
    HAL_RTC_MspInit                          0x080023bd   Thumb Code    70  stm32f1xx_hal_msp.o(.text.HAL_RTC_MspInit)
    HAL_TIMEx_BreakCallback                  0x08002405   Thumb Code     2  stm32f1xx_hal_tim_ex.o(.text.HAL_TIMEx_BreakCallback)
    HAL_TIMEx_CommutCallback                 0x08002409   Thumb Code     2  stm32f1xx_hal_tim_ex.o(.text.HAL_TIMEx_CommutCallback)
    HAL_TIM_Base_Init                        0x0800240d   Thumb Code   158  stm32f1xx_hal_tim.o(.text.HAL_TIM_Base_Init)
    HAL_TIM_Base_MspInit                     0x080024ad   Thumb Code     2  stm32f1xx_hal_tim.o(.text.HAL_TIM_Base_MspInit)
    HAL_TIM_Base_Start_IT                    0x080024b1   Thumb Code    32  stm32f1xx_hal_tim.o(.text.HAL_TIM_Base_Start_IT)
    HAL_TIM_IC_CaptureCallback               0x080024d1   Thumb Code     2  stm32f1xx_hal_tim.o(.text.HAL_TIM_IC_CaptureCallback)
    HAL_TIM_IRQHandler                       0x080024d5   Thumb Code   368  stm32f1xx_hal_tim.o(.text.HAL_TIM_IRQHandler)
    HAL_TIM_OC_DelayElapsedCallback          0x08002645   Thumb Code     2  stm32f1xx_hal_tim.o(.text.HAL_TIM_OC_DelayElapsedCallback)
    HAL_TIM_PWM_PulseFinishedCallback        0x08002649   Thumb Code     2  stm32f1xx_hal_tim.o(.text.HAL_TIM_PWM_PulseFinishedCallback)
    HAL_TIM_PeriodElapsedCallback            0x0800264d   Thumb Code    20  main.o(.text.HAL_TIM_PeriodElapsedCallback)
    HAL_TIM_TriggerCallback                  0x08002661   Thumb Code     2  stm32f1xx_hal_tim.o(.text.HAL_TIM_TriggerCallback)
    HAL_UART_ErrorCallback                   0x08002665   Thumb Code    76  main.o(.text.HAL_UART_ErrorCallback)
    HAL_UART_IRQHandler                      0x080026b1   Thumb Code   616  stm32f1xx_hal_uart.o(.text.HAL_UART_IRQHandler)
    HAL_UART_Init                            0x08002919   Thumb Code   224  stm32f1xx_hal_uart.o(.text.HAL_UART_Init)
    HAL_UART_MspInit                         0x080029f9   Thumb Code     2  stm32f1xx_hal_uart.o(.text.HAL_UART_MspInit)
    HAL_UART_RxCpltCallback                  0x080029fd   Thumb Code     2  stm32f1xx_hal_uart.o(.text.HAL_UART_RxCpltCallback)
    HAL_UART_Transmit                        0x08002a01   Thumb Code   392  stm32f1xx_hal_uart.o(.text.HAL_UART_Transmit)
    HAL_UART_TxCpltCallback                  0x08002b89   Thumb Code    76  main.o(.text.HAL_UART_TxCpltCallback)
    HardFault_Handler                        0x08002bd5   Thumb Code     2  stm32f1xx_it.o(.text.HardFault_Handler)
    MX_USART1_UART_Init                      0x08002bd9   Thumb Code   210  main.o(.text.MX_USART1_UART_Init)
    MemManage_Handler                        0x08002cad   Thumb Code     2  stm32f1xx_it.o(.text.MemManage_Handler)
    NMI_Handler                              0x08002cb1   Thumb Code     2  stm32f1xx_it.o(.text.NMI_Handler)
    PendSV_Handler                           0x08002cc1   Thumb Code    68  port.o(.text.PendSV_Handler)
    SVC_Handler                              0x08003041   Thumb Code    36  port.o(.text.SVC_Handler)
    SysTick_Handler                          0x08003065   Thumb Code    30  cmsis_os2.o(.text.SysTick_Handler)
    SystemClock_Config                       0x08003085   Thumb Code   224  main.o(.text.SystemClock_Config)
    SystemInit                               0x08003165   Thumb Code   326  system_stm32f10x.o(.text.SystemInit)
    TIM3_IRQHandler                          0x080032ad   Thumb Code    12  stm32f1xx_it.o(.text.TIM3_IRQHandler)
    USART1_IRQHandler                        0x080032c5   Thumb Code    14  main.o(.text.USART1_IRQHandler)
    UsageFault_Handler                       0x080032d5   Thumb Code     2  stm32f1xx_it.o(.text.UsageFault_Handler)
    _mutex_acquire                           0x080032d9   Thumb Code    38  clib_arm.o(.text._mutex_acquire)
    _mutex_free                              0x08003301   Thumb Code    80  clib_arm.o(.text._mutex_free)
    _mutex_initialize                        0x08003351   Thumb Code   126  clib_arm.o(.text._mutex_initialize)
    _mutex_release                           0x080033d1   Thumb Code    40  clib_arm.o(.text._mutex_release)
    _platform_post_stackheap_init            0x080033f9   Thumb Code     2  clib_arm.o(.text._platform_post_stackheap_init)
    main                                     0x080033fd   Thumb Code   948  main.o(.text.main)
    pvPortMalloc                             0x08003fa1   Thumb Code   426  heap_4.o(.text.pvPortMalloc)
    pvTaskIncrementMutexHeldCount            0x0800414d   Thumb Code    24  tasks.o(.text.pvTaskIncrementMutexHeldCount)
    pxPortInitialiseStack                    0x08004165   Thumb Code    32  port.o(.text.pxPortInitialiseStack)
    ulTaskGenericNotifyTake                  0x08004185   Thumb Code   242  tasks.o(.text.ulTaskGenericNotifyTake)
    uxListRemove                             0x08004279   Thumb Code    34  list.o(.text.uxListRemove)
    uxTaskGetNumberOfTasks                   0x0800429d   Thumb Code    12  tasks.o(.text.uxTaskGetNumberOfTasks)
    uxTaskGetSystemState                     0x080042a9   Thumb Code  1652  tasks.o(.text.uxTaskGetSystemState)
    vApplicationGetIdleTaskMemory            0x0800491d   Thumb Code    26  cmsis_os2.o(.text.vApplicationGetIdleTaskMemory)
    vApplicationGetTimerTaskMemory           0x08004939   Thumb Code    26  cmsis_os2.o(.text.vApplicationGetTimerTaskMemory)
    vApplicationIdleHook                     0x08004955   Thumb Code    28  main.o(.text.vApplicationIdleHook)
    vApplicationStackOverflowHook            0x08004971   Thumb Code    68  main.o(.text.vApplicationStackOverflowHook)
    vErrorHandlerTask                        0x080049b5   Thumb Code   308  main.o(.text.vErrorHandlerTask)
    vListInitialise                          0x08004b09   Thumb Code    22  list.o(.text.vListInitialise)
    vListInitialiseItem                      0x08004b21   Thumb Code     6  list.o(.text.vListInitialiseItem)
    vListInsert                              0x08004b29   Thumb Code    98  list.o(.text.vListInsert)
    vPortEnterCritical                       0x08004b8d   Thumb Code    32  port.o(.text.vPortEnterCritical)
    vPortExitCritical                        0x08004bad   Thumb Code    26  port.o(.text.vPortExitCritical)
    vPortFree                                0x08004bc9   Thumb Code   184  heap_4.o(.text.vPortFree)
    vPortSetupTimerInterrupt                 0x08004c81   Thumb Code    52  port.o(.text.vPortSetupTimerInterrupt)
    vQueueAddToRegistry                      0x08004cb5   Thumb Code   338  queue.o(.text.vQueueAddToRegistry)
    vQueueDelete                             0x08004e09   Thumb Code   102  queue.o(.text.vQueueDelete)
    vQueueWaitForMessageRestricted           0x08004e71   Thumb Code    82  queue.o(.text.vQueueWaitForMessageRestricted)
    vSystemMonitorTask                       0x08004ec5   Thumb Code  1120  main.o(.text.vSystemMonitorTask)
    vTaskDelay                               0x080053ad   Thumb Code   122  tasks.o(.text.vTaskDelay)
    vTaskGenericNotifyGiveFromISR            0x08005429   Thumb Code   224  tasks.o(.text.vTaskGenericNotifyGiveFromISR)
    vTaskInternalSetTimeOutState             0x08005509   Thumb Code    18  tasks.o(.text.vTaskInternalSetTimeOutState)
    vTaskMissedYield                         0x0800551d   Thumb Code    14  tasks.o(.text.vTaskMissedYield)
    vTaskPlaceOnEventList                    0x0800552d   Thumb Code   134  tasks.o(.text.vTaskPlaceOnEventList)
    vTaskPlaceOnEventListRestricted          0x080055b5   Thumb Code   164  tasks.o(.text.vTaskPlaceOnEventListRestricted)
    vTaskPriorityDisinheritAfterTimeout      0x08005659   Thumb Code   132  tasks.o(.text.vTaskPriorityDisinheritAfterTimeout)
    vTaskStartScheduler                      0x080056dd   Thumb Code   152  tasks.o(.text.vTaskStartScheduler)
    vTaskSuspendAll                          0x0800577d   Thumb Code    16  tasks.o(.text.vTaskSuspendAll)
    vTaskSwitchContext                       0x0800578d   Thumb Code   188  tasks.o(.text.vTaskSwitchContext)
    vUARTTask                                0x08005849   Thumb Code   220  main.o(.text.vUARTTask)
    xPortGetFreeHeapSize                     0x08005925   Thumb Code    12  heap_4.o(.text.xPortGetFreeHeapSize)
    xPortStartScheduler                      0x08005931   Thumb Code    96  port.o(.text.xPortStartScheduler)
    xPortSysTickHandler                      0x08005991   Thumb Code    46  port.o(.text.xPortSysTickHandler)
    xQueueCreateMutex                        0x080059c1   Thumb Code   112  queue.o(.text.xQueueCreateMutex)
    xQueueCreateMutexStatic                  0x08005a31   Thumb Code   106  queue.o(.text.xQueueCreateMutexStatic)
    xQueueGenericCreate                      0x08005a9d   Thumb Code   148  queue.o(.text.xQueueGenericCreate)
    xQueueGenericCreateStatic                0x08005b31   Thumb Code   134  queue.o(.text.xQueueGenericCreateStatic)
    xQueueGenericSend                        0x08005bb9   Thumb Code   580  queue.o(.text.xQueueGenericSend)
    xQueueGenericSendFromISR                 0x08005dfd   Thumb Code   252  queue.o(.text.xQueueGenericSendFromISR)
    xQueueGiveFromISR                        0x08005ef9   Thumb Code   122  queue.o(.text.xQueueGiveFromISR)
    xQueueReceive                            0x08005f75   Thumb Code   494  queue.o(.text.xQueueReceive)
    xQueueSemaphoreTake                      0x08006165   Thumb Code   550  queue.o(.text.xQueueSemaphoreTake)
    xTaskCheckForTimeOut                     0x0800638d   Thumb Code   102  tasks.o(.text.xTaskCheckForTimeOut)
    xTaskCreate                              0x080063f5   Thumb Code    96  tasks.o(.text.xTaskCreate)
    xTaskCreateStatic                        0x08006455   Thumb Code    80  tasks.o(.text.xTaskCreateStatic)
    xTaskDelayUntil                          0x080064a5   Thumb Code   164  tasks.o(.text.xTaskDelayUntil)
    xTaskGetSchedulerState                   0x08006549   Thumb Code    30  tasks.o(.text.xTaskGetSchedulerState)
    xTaskGetTickCount                        0x08006569   Thumb Code    12  tasks.o(.text.xTaskGetTickCount)
    xTaskIncrementTick                       0x08006575   Thumb Code   350  tasks.o(.text.xTaskIncrementTick)
    xTaskPriorityDisinherit                  0x080066d5   Thumb Code   118  tasks.o(.text.xTaskPriorityDisinherit)
    xTaskPriorityInherit                     0x0800674d   Thumb Code   172  tasks.o(.text.xTaskPriorityInherit)
    xTaskRemoveFromEventList                 0x080067f9   Thumb Code   200  tasks.o(.text.xTaskRemoveFromEventList)
    xTaskResumeAll                           0x080068c1   Thumb Code   292  tasks.o(.text.xTaskResumeAll)
    xTimerCreateTimerTask                    0x080069e5   Thumb Code   160  timers.o(.text.xTimerCreateTimerTask)
    _is_digit                                0x08006a8d   Thumb Code    14  __printf_wp.o(i._is_digit)
    AHBPrescTable                            0x08006b05   Data          16  system_stm32f10x.o(.rodata.AHBPrescTable)
    APBPrescTable                            0x08006b18   Data          32  stm32f1xx_hal_rcc.o(.rodata.APBPrescTable)
    uxTopUsedPriority                        0x08006b7c   Data           4  tasks.o(.rodata.uxTopUsedPriority)
    Region$$Table$$Base                      0x08006b80   Number         0  anon$$obj.o(Region$$Table)
    Region$$Table$$Limit                     0x08006ba0   Number         0  anon$$obj.o(Region$$Table)
    uwTickFreq                               0x20000000   Data           1  stm32f1xx_hal.o(.data..L_MergedGlobals)
    uwTickPrio                               0x20000004   Data           4  stm32f1xx_hal.o(.data..L_MergedGlobals)
    SystemCoreClock                          0x20000008   Data           4  system_stm32f10x.o(.data.SystemCoreClock)
    __libspace_start                         0x20000010   Data          96  libspace.o(.bss)
    __temporary_stack_top$libspace           0x20000070   Data           0  libspace.o(.bss)
    xDMASemaphore                            0x20000074   Data           4  main.o(.bss..L_MergedGlobals)
    xUARTMutex                               0x20000078   Data           4  main.o(.bss..L_MergedGlobals)
    xErrorQueue                              0x2000007c   Data           4  main.o(.bss..L_MergedGlobals)
    xUARTQueue                               0x20000080   Data           4  main.o(.bss..L_MergedGlobals)
    xAdcTaskHandle                           0x20000084   Data           4  main.o(.bss..L_MergedGlobals)
    hiwdg                                    0x20000098   Data          12  main.o(.bss..L_MergedGlobals)
    adc_buffer                               0x200000a4   Data          20  main.o(.bss..L_MergedGlobals)
    hrtc                                     0x200000b8   Data          20  main.o(.bss..L_MergedGlobals)
    hadc1                                    0x20000198   Data          48  main.o(.bss..L_MergedGlobals.18)
    huart1                                   0x200001c8   Data          64  main.o(.bss..L_MergedGlobals.18)
    hdma_adc1                                0x200003d4   Data          68  main.o(.bss.hdma_adc1)
    hdma_usart1_tx                           0x20000418   Data          68  main.o(.bss.hdma_usart1_tx)
    htim3                                    0x2000045c   Data          64  stm32f1xx_hal_timebase_tim.o(.bss.htim3)
    pxCurrentTCB                             0x2000053c   Data           4  tasks.o(.bss.pxCurrentTCB)
    uwTick                                   0x200031a0   Data           4  stm32f1xx_hal.o(.bss.uwTick)
    xQueueRegistry                           0x20003708   Data          64  queue.o(.bss.xQueueRegistry)



==============================================================================

Memory Map of the image

  Image Entry point : 0x080000ed

  Load Region LR_IROM1 (Base: 0x08000000, Size: 0x00006bb0, Max: 0x00020000, ABSOLUTE)

    Execution Region ER_IROM1 (Exec base: 0x08000000, Load base: 0x08000000, Size: 0x00006ba0, Max: 0x00020000, ABSOLUTE)

    Exec Addr    Load Addr    Size         Type   Attr      Idx    E Section Name        Object

    0x08000000   0x08000000   0x000000ec   Data   RO         1274    RESET               startup_stm32f10x_md.o
    0x080000ec   0x080000ec   0x00000008   Code   RO         1725  * !!!main             c_w.l(__main.o)
    0x080000f4   0x080000f4   0x0000005c   Code   RO         1901    !!!scatter          c_w.l(__scatter.o)
    0x08000150   0x08000150   0x0000001a   Code   RO         1905    !!handler_copy      c_w.l(__scatter_copy.o)
    0x0800016a   0x0800016a   0x00000002   PAD
    0x0800016c   0x0800016c   0x00000002   Code   RO         1902    !!handler_null      c_w.l(__scatter.o)
    0x0800016e   0x0800016e   0x00000002   PAD
    0x08000170   0x08000170   0x0000001c   Code   RO         1907    !!handler_zi        c_w.l(__scatter_zi.o)
    0x0800018c   0x0800018c   0x00000000   Code   RO         1712    .ARM.Collect$$_printf_percent$$00000000  c_w.l(_printf_percent.o)
    0x0800018c   0x0800018c   0x00000006   Code   RO         1710    .ARM.Collect$$_printf_percent$$00000009  c_w.l(_printf_d.o)
    0x08000192   0x08000192   0x00000006   Code   RO         1711    .ARM.Collect$$_printf_percent$$0000000A  c_w.l(_printf_u.o)
    0x08000198   0x08000198   0x00000006   Code   RO         1709    .ARM.Collect$$_printf_percent$$0000000C  c_w.l(_printf_x.o)
    0x0800019e   0x0800019e   0x00000006   Code   RO         1708    .ARM.Collect$$_printf_percent$$00000014  c_w.l(_printf_s.o)
    0x080001a4   0x080001a4   0x00000004   Code   RO         1736    .ARM.Collect$$_printf_percent$$00000017  c_w.l(_printf_percent_end.o)
    0x080001a8   0x080001a8   0x00000002   Code   RO         1763    .ARM.Collect$$libinit$$00000000  c_w.l(libinit.o)
    0x080001aa   0x080001aa   0x00000000   Code   RO         1770    .ARM.Collect$$libinit$$00000002  c_w.l(libinit2.o)
    0x080001aa   0x080001aa   0x00000000   Code   RO         1772    .ARM.Collect$$libinit$$00000004  c_w.l(libinit2.o)
    0x080001aa   0x080001aa   0x00000000   Code   RO         1774    .ARM.Collect$$libinit$$00000006  c_w.l(libinit2.o)
    0x080001aa   0x080001aa   0x00000000   Code   RO         1777    .ARM.Collect$$libinit$$0000000C  c_w.l(libinit2.o)
    0x080001aa   0x080001aa   0x00000000   Code   RO         1779    .ARM.Collect$$libinit$$0000000E  c_w.l(libinit2.o)
    0x080001aa   0x080001aa   0x00000000   Code   RO         1781    .ARM.Collect$$libinit$$00000010  c_w.l(libinit2.o)
    0x080001aa   0x080001aa   0x00000000   Code   RO         1784    .ARM.Collect$$libinit$$00000013  c_w.l(libinit2.o)
    0x080001aa   0x080001aa   0x00000000   Code   RO         1786    .ARM.Collect$$libinit$$00000015  c_w.l(libinit2.o)
    0x080001aa   0x080001aa   0x00000000   Code   RO         1788    .ARM.Collect$$libinit$$00000017  c_w.l(libinit2.o)
    0x080001aa   0x080001aa   0x00000000   Code   RO         1790    .ARM.Collect$$libinit$$00000019  c_w.l(libinit2.o)
    0x080001aa   0x080001aa   0x00000000   Code   RO         1792    .ARM.Collect$$libinit$$0000001B  c_w.l(libinit2.o)
    0x080001aa   0x080001aa   0x00000000   Code   RO         1794    .ARM.Collect$$libinit$$0000001D  c_w.l(libinit2.o)
    0x080001aa   0x080001aa   0x00000000   Code   RO         1796    .ARM.Collect$$libinit$$0000001F  c_w.l(libinit2.o)
    0x080001aa   0x080001aa   0x00000000   Code   RO         1798    .ARM.Collect$$libinit$$00000021  c_w.l(libinit2.o)
    0x080001aa   0x080001aa   0x00000000   Code   RO         1800    .ARM.Collect$$libinit$$00000023  c_w.l(libinit2.o)
    0x080001aa   0x080001aa   0x00000000   Code   RO         1802    .ARM.Collect$$libinit$$00000025  c_w.l(libinit2.o)
    0x080001aa   0x080001aa   0x00000000   Code   RO         1804    .ARM.Collect$$libinit$$00000027  c_w.l(libinit2.o)
    0x080001aa   0x080001aa   0x00000000   Code   RO         1808    .ARM.Collect$$libinit$$0000002E  c_w.l(libinit2.o)
    0x080001aa   0x080001aa   0x00000000   Code   RO         1810    .ARM.Collect$$libinit$$00000030  c_w.l(libinit2.o)
    0x080001aa   0x080001aa   0x00000000   Code   RO         1812    .ARM.Collect$$libinit$$00000032  c_w.l(libinit2.o)
    0x080001aa   0x080001aa   0x00000000   Code   RO         1814    .ARM.Collect$$libinit$$00000034  c_w.l(libinit2.o)
    0x080001aa   0x080001aa   0x00000002   Code   RO         1815    .ARM.Collect$$libinit$$00000035  c_w.l(libinit2.o)
    0x080001ac   0x080001ac   0x00000002   Code   RO         1837    .ARM.Collect$$libshutdown$$00000000  c_w.l(libshutdown.o)
    0x080001ae   0x080001ae   0x00000000   Code   RO         1852    .ARM.Collect$$libshutdown$$00000002  c_w.l(libshutdown2.o)
    0x080001ae   0x080001ae   0x00000000   Code   RO         1854    .ARM.Collect$$libshutdown$$00000004  c_w.l(libshutdown2.o)
    0x080001ae   0x080001ae   0x00000000   Code   RO         1857    .ARM.Collect$$libshutdown$$00000007  c_w.l(libshutdown2.o)
    0x080001ae   0x080001ae   0x00000000   Code   RO         1860    .ARM.Collect$$libshutdown$$0000000A  c_w.l(libshutdown2.o)
    0x080001ae   0x080001ae   0x00000000   Code   RO         1862    .ARM.Collect$$libshutdown$$0000000C  c_w.l(libshutdown2.o)
    0x080001ae   0x080001ae   0x00000000   Code   RO         1865    .ARM.Collect$$libshutdown$$0000000F  c_w.l(libshutdown2.o)
    0x080001ae   0x080001ae   0x00000002   Code   RO         1866    .ARM.Collect$$libshutdown$$00000010  c_w.l(libshutdown2.o)
    0x080001b0   0x080001b0   0x00000000   Code   RO         1727    .ARM.Collect$$rtentry$$00000000  c_w.l(__rtentry.o)
    0x080001b0   0x080001b0   0x00000000   Code   RO         1740    .ARM.Collect$$rtentry$$00000002  c_w.l(__rtentry2.o)
    0x080001b0   0x080001b0   0x00000006   Code   RO         1752    .ARM.Collect$$rtentry$$00000004  c_w.l(__rtentry4.o)
    0x080001b6   0x080001b6   0x00000008   Code   RO         1741    .ARM.Collect$$rtentry$$00000008  c_w.l(__rtentry2.o)
    0x080001be   0x080001be   0x00000004   Code   RO         1743    .ARM.Collect$$rtentry$$0000000A  c_w.l(__rtentry2.o)
    0x080001c2   0x080001c2   0x00000000   Code   RO         1745    .ARM.Collect$$rtentry$$0000000C  c_w.l(__rtentry2.o)
    0x080001c2   0x080001c2   0x00000008   Code   RO         1746    .ARM.Collect$$rtentry$$0000000D  c_w.l(__rtentry2.o)
    0x080001ca   0x080001ca   0x00000002   Code   RO         1767    .ARM.Collect$$rtexit$$00000000  c_w.l(rtexit.o)
    0x080001cc   0x080001cc   0x00000000   Code   RO         1817    .ARM.Collect$$rtexit$$00000002  c_w.l(rtexit2.o)
    0x080001cc   0x080001cc   0x00000004   Code   RO         1818    .ARM.Collect$$rtexit$$00000003  c_w.l(rtexit2.o)
    0x080001d0   0x080001d0   0x00000006   Code   RO         1819    .ARM.Collect$$rtexit$$00000004  c_w.l(rtexit2.o)
    0x080001d6   0x080001d6   0x00000002   PAD
    0x080001d8   0x080001d8   0x00000040   Code   RO         1275    .text               startup_stm32f10x_md.o
    0x08000218   0x08000218   0x00000040   Code   RO         1655    .text               c_w.l(__2snprintf.o)
    0x08000258   0x08000258   0x0000004e   Code   RO         1661    .text               c_w.l(_printf_pad.o)
    0x080002a6   0x080002a6   0x00000052   Code   RO         1663    .text               c_w.l(_printf_str.o)
    0x080002f8   0x080002f8   0x00000078   Code   RO         1665    .text               c_w.l(_printf_dec.o)
    0x08000370   0x08000370   0x00000058   Code   RO         1670    .text               c_w.l(_printf_hex_int.o)
    0x080003c8   0x080003c8   0x00000188   Code   RO         1705    .text               c_w.l(__printf_flags_ss_wp.o)
    0x08000550   0x08000550   0x0000008a   Code   RO         1713    .text               c_w.l(rt_memcpy_v6.o)
    0x080005da   0x080005da   0x00000010   Code   RO         1715    .text               c_w.l(aeabi_memset4.o)
    0x080005ea   0x080005ea   0x00000044   Code   RO         1717    .text               c_w.l(rt_memclr.o)
    0x0800062e   0x0800062e   0x0000004e   Code   RO         1719    .text               c_w.l(rt_memclr_w.o)
    0x0800067c   0x0800067c   0x00000056   Code   RO         1721    .text               c_w.l(strncpy.o)
    0x080006d2   0x080006d2   0x00000006   Code   RO         1723    .text               c_w.l(heapauxi.o)
    0x080006d8   0x080006d8   0x000000b2   Code   RO         1728    .text               c_w.l(_printf_intcommon.o)
    0x0800078a   0x0800078a   0x00000002   PAD
    0x0800078c   0x0800078c   0x00000030   Code   RO         1730    .text               c_w.l(_printf_char_common.o)
    0x080007bc   0x080007bc   0x00000010   Code   RO         1732    .text               c_w.l(_snputc.o)
    0x080007cc   0x080007cc   0x0000002c   Code   RO         1734    .text               c_w.l(_printf_char.o)
    0x080007f8   0x080007f8   0x00000064   Code   RO         1737    .text               c_w.l(rt_memcpy_w.o)
    0x0800085c   0x0800085c   0x0000004a   Code   RO         1756    .text               c_w.l(sys_stackheap_outer.o)
    0x080008a6   0x080008a6   0x00000012   Code   RO         1758    .text               c_w.l(exit.o)
    0x080008b8   0x080008b8   0x00000008   Code   RO         1764    .text               c_w.l(libspace.o)
    0x080008c0   0x080008c0   0x0000000c   Code   RO         1827    .text               c_w.l(sys_exit.o)
    0x080008cc   0x080008cc   0x00000002   Code   RO         1842    .text               c_w.l(use_no_semi.o)
    0x080008ce   0x080008ce   0x00000000   Code   RO         1844    .text               c_w.l(indicate_semi.o)
    0x080008ce   0x080008ce   0x00000002   PAD
    0x080008d0   0x080008d0   0x00000052   Code   RO          787    .text.ADC_DMAConvCplt  stm32f1xx_hal_adc.o
    0x08000922   0x08000922   0x00000002   PAD
    0x08000924   0x08000924   0x00000016   Code   RO          791    .text.ADC_DMAError  stm32f1xx_hal_adc.o
    0x0800093a   0x0800093a   0x00000002   PAD
    0x0800093c   0x0800093c   0x00000006   Code   RO          789    .text.ADC_DMAHalfConvCplt  stm32f1xx_hal_adc.o
    0x08000942   0x08000942   0x00000002   PAD
    0x08000944   0x08000944   0x00000198   Code   RO           16    .text.ADC_Task      main.o
    0x08000adc   0x08000adc   0x00000002   Code   RO           66    .text.BusFault_Handler  stm32f1xx_it.o
    0x08000ade   0x08000ade   0x00000002   PAD
    0x08000ae0   0x08000ae0   0x0000000c   Code   RO           34    .text.DMA1_Channel1_IRQHandler  main.o
    0x08000aec   0x08000aec   0x0000000c   Code   RO           36    .text.DMA1_Channel4_IRQHandler  main.o
    0x08000af8   0x08000af8   0x00000002   Code   RO           70    .text.DebugMon_Handler  stm32f1xx_it.o
    0x08000afa   0x08000afa   0x00000002   PAD
    0x08000afc   0x08000afc   0x0000013e   Code   RO          807    .text.HAL_ADC_ConfigChannel  stm32f1xx_hal_adc.o
    0x08000c3a   0x08000c3a   0x00000002   PAD
    0x08000c3c   0x08000c3c   0x00000046   Code   RO           28    .text.HAL_ADC_ConvCpltCallback  main.o
    0x08000c82   0x08000c82   0x00000002   PAD
    0x08000c84   0x08000c84   0x00000002   Code   RO          803    .text.HAL_ADC_ConvHalfCpltCallback  stm32f1xx_hal_adc.o
    0x08000c86   0x08000c86   0x00000002   PAD
    0x08000c88   0x08000c88   0x00000002   Code   RO          805    .text.HAL_ADC_ErrorCallback  stm32f1xx_hal_adc.o
    0x08000c8a   0x08000c8a   0x00000002   PAD
    0x08000c8c   0x08000c8c   0x00000148   Code   RO          761    .text.HAL_ADC_Init  stm32f1xx_hal_adc.o
    0x08000dd4   0x08000dd4   0x00000002   Code   RO          763    .text.HAL_ADC_MspInit  stm32f1xx_hal_adc.o
    0x08000dd6   0x08000dd6   0x00000002   PAD
    0x08000dd8   0x08000dd8   0x000001a8   Code   RO          785    .text.HAL_ADC_Start_DMA  stm32f1xx_hal_adc.o
    0x08000f80   0x08000f80   0x000000b0   Code   RO          574    .text.HAL_DMA_Abort_IT  stm32f1xx_hal_dma.o
    0x08001030   0x08001030   0x0000019c   Code   RO          578    .text.HAL_DMA_IRQHandler  stm32f1xx_hal_dma.o
    0x080011cc   0x080011cc   0x00000074   Code   RO          564    .text.HAL_DMA_Init  stm32f1xx_hal_dma.o
    0x08001240   0x08001240   0x000000a0   Code   RO          570    .text.HAL_DMA_Start_IT  stm32f1xx_hal_dma.o
    0x080012e0   0x080012e0   0x00000028   Code   RO          447    .text.HAL_Delay     stm32f1xx_hal.o
    0x08001308   0x08001308   0x00000202   Code   RO          540    .text.HAL_GPIO_Init  stm32f1xx_hal_gpio.o
    0x0800150a   0x0800150a   0x00000002   PAD
    0x0800150c   0x0800150c   0x0000000e   Code   RO          548    .text.HAL_GPIO_TogglePin  stm32f1xx_hal_gpio.o
    0x0800151a   0x0800151a   0x00000002   PAD
    0x0800151c   0x0800151c   0x0000000a   Code   RO          546    .text.HAL_GPIO_WritePin  stm32f1xx_hal_gpio.o
    0x08001526   0x08001526   0x00000002   PAD
    0x08001528   0x08001528   0x0000000c   Code   RO          439    .text.HAL_GetTick   stm32f1xx_hal.o
    0x08001534   0x08001534   0x00000046   Code   RO          857    .text.HAL_IWDG_Init  stm32f1xx_hal_iwdg.o
    0x0800157a   0x0800157a   0x00000002   PAD
    0x0800157c   0x0800157c   0x0000000c   Code   RO          859    .text.HAL_IWDG_Refresh  stm32f1xx_hal_iwdg.o
    0x08001588   0x08001588   0x0000001a   Code   RO          437    .text.HAL_IncTick   stm32f1xx_hal.o
    0x080015a2   0x080015a2   0x00000002   PAD
    0x080015a4   0x080015a4   0x00000026   Code   RO          427    .text.HAL_Init      stm32f1xx_hal.o
    0x080015ca   0x080015ca   0x00000002   PAD
    0x080015cc   0x080015cc   0x000000b2   Code   RO           95    .text.HAL_InitTick  stm32f1xx_hal_timebase_tim.o
    0x0800167e   0x0800167e   0x00000002   PAD
    0x08001680   0x08001680   0x00000042   Code   RO           81    .text.HAL_MspInit   stm32f1xx_hal_msp.o
    0x080016c2   0x080016c2   0x00000002   PAD
    0x080016c4   0x080016c4   0x00000022   Code   RO          600    .text.HAL_NVIC_EnableIRQ  stm32f1xx_hal_cortex.o
    0x080016e6   0x080016e6   0x00000002   PAD
    0x080016e8   0x080016e8   0x00000056   Code   RO          598    .text.HAL_NVIC_SetPriority  stm32f1xx_hal_cortex.o
    0x0800173e   0x0800173e   0x00000002   PAD
    0x08001740   0x08001740   0x00000020   Code   RO          596    .text.HAL_NVIC_SetPriorityGrouping  stm32f1xx_hal_cortex.o
    0x08001760   0x08001760   0x0000000c   Code   RO          638    .text.HAL_PWR_EnableBkUpAccess  stm32f1xx_hal_pwr.o
    0x0800176c   0x0800176c   0x000000f8   Code   RO          530    .text.HAL_RCCEx_GetPeriphCLKFreq  stm32f1xx_hal_rcc_ex.o
    0x08001864   0x08001864   0x00000102   Code   RO          526    .text.HAL_RCCEx_PeriphCLKConfig  stm32f1xx_hal_rcc_ex.o
    0x08001966   0x08001966   0x00000002   PAD
    0x08001968   0x08001968   0x000001bc   Code   RO          491    .text.HAL_RCC_ClockConfig  stm32f1xx_hal_rcc.o
    0x08001b24   0x08001b24   0x00000042   Code   RO          509    .text.HAL_RCC_GetClockConfig  stm32f1xx_hal_rcc.o
    0x08001b66   0x08001b66   0x00000002   PAD
    0x08001b68   0x08001b68   0x00000028   Code   RO          503    .text.HAL_RCC_GetPCLK1Freq  stm32f1xx_hal_rcc.o
    0x08001b90   0x08001b90   0x00000028   Code   RO          505    .text.HAL_RCC_GetPCLK2Freq  stm32f1xx_hal_rcc.o
    0x08001bb8   0x08001bb8   0x00000400   Code   RO          489    .text.HAL_RCC_OscConfig  stm32f1xx_hal_rcc.o
    0x08001fb8   0x08001fb8   0x000000ca   Code   RO          889    .text.HAL_RTC_GetDate  stm32f1xx_hal_rtc.o
    0x08002082   0x08002082   0x00000002   PAD
    0x08002084   0x08002084   0x0000023a   Code   RO          883    .text.HAL_RTC_GetTime  stm32f1xx_hal_rtc.o
    0x080022be   0x080022be   0x00000002   PAD
    0x080022c0   0x080022c0   0x000000fc   Code   RO          869    .text.HAL_RTC_Init  stm32f1xx_hal_rtc.o
    0x080023bc   0x080023bc   0x00000046   Code   RO           83    .text.HAL_RTC_MspInit  stm32f1xx_hal_msp.o
    0x08002402   0x08002402   0x00000002   PAD
    0x08002404   0x08002404   0x00000002   Code   RO          415    .text.HAL_TIMEx_BreakCallback  stm32f1xx_hal_tim_ex.o
    0x08002406   0x08002406   0x00000002   PAD
    0x08002408   0x08002408   0x00000002   Code   RO          411    .text.HAL_TIMEx_CommutCallback  stm32f1xx_hal_tim_ex.o
    0x0800240a   0x0800240a   0x00000002   PAD
    0x0800240c   0x0800240c   0x0000009e   Code   RO          124    .text.HAL_TIM_Base_Init  stm32f1xx_hal_tim.o
    0x080024aa   0x080024aa   0x00000002   PAD
    0x080024ac   0x080024ac   0x00000002   Code   RO          126    .text.HAL_TIM_Base_MspInit  stm32f1xx_hal_tim.o
    0x080024ae   0x080024ae   0x00000002   PAD
    0x080024b0   0x080024b0   0x00000020   Code   RO          138    .text.HAL_TIM_Base_Start_IT  stm32f1xx_hal_tim.o
    0x080024d0   0x080024d0   0x00000002   Code   RO          260    .text.HAL_TIM_IC_CaptureCallback  stm32f1xx_hal_tim.o
    0x080024d2   0x080024d2   0x00000002   PAD
    0x080024d4   0x080024d4   0x00000170   Code   RO          258    .text.HAL_TIM_IRQHandler  stm32f1xx_hal_tim.o
    0x08002644   0x08002644   0x00000002   Code   RO          262    .text.HAL_TIM_OC_DelayElapsedCallback  stm32f1xx_hal_tim.o
    0x08002646   0x08002646   0x00000002   PAD
    0x08002648   0x08002648   0x00000002   Code   RO          264    .text.HAL_TIM_PWM_PulseFinishedCallback  stm32f1xx_hal_tim.o
    0x0800264a   0x0800264a   0x00000002   PAD
    0x0800264c   0x0800264c   0x00000014   Code   RO           40    .text.HAL_TIM_PeriodElapsedCallback  main.o
    0x08002660   0x08002660   0x00000002   Code   RO          268    .text.HAL_TIM_TriggerCallback  stm32f1xx_hal_tim.o
    0x08002662   0x08002662   0x00000002   PAD
    0x08002664   0x08002664   0x0000004c   Code   RO           32    .text.HAL_UART_ErrorCallback  main.o
    0x080026b0   0x080026b0   0x00000268   Code   RO         1019    .text.HAL_UART_IRQHandler  stm32f1xx_hal_uart.o
    0x08002918   0x08002918   0x000000e0   Code   RO          951    .text.HAL_UART_Init  stm32f1xx_hal_uart.o
    0x080029f8   0x080029f8   0x00000002   Code   RO          953    .text.HAL_UART_MspInit  stm32f1xx_hal_uart.o
    0x080029fa   0x080029fa   0x00000002   PAD
    0x080029fc   0x080029fc   0x00000002   Code   RO         1029    .text.HAL_UART_RxCpltCallback  stm32f1xx_hal_uart.o
    0x080029fe   0x080029fe   0x00000002   PAD
    0x08002a00   0x08002a00   0x00000188   Code   RO          965    .text.HAL_UART_Transmit  stm32f1xx_hal_uart.o
    0x08002b88   0x08002b88   0x0000004c   Code   RO           30    .text.HAL_UART_TxCpltCallback  main.o
    0x08002bd4   0x08002bd4   0x00000002   Code   RO           62    .text.HardFault_Handler  stm32f1xx_it.o
    0x08002bd6   0x08002bd6   0x00000002   PAD
    0x08002bd8   0x08002bd8   0x000000d2   Code   RO            8    .text.MX_USART1_UART_Init  main.o
    0x08002caa   0x08002caa   0x00000002   PAD
    0x08002cac   0x08002cac   0x00000002   Code   RO           64    .text.MemManage_Handler  stm32f1xx_it.o
    0x08002cae   0x08002cae   0x00000002   PAD
    0x08002cb0   0x08002cb0   0x00000002   Code   RO           60    .text.NMI_Handler   stm32f1xx_it.o
    0x08002cb2   0x08002cb2   0x0000000e   PAD
    0x08002cc0   0x08002cc0   0x00000044   Code   RO         1369    .text.PendSV_Handler  port.o
    0x08002d04   0x08002d04   0x000002d8   Code   RO          885    .text.RTC_DateUpdate  stm32f1xx_hal_rtc.o
    0x08002fdc   0x08002fdc   0x00000060   Code   RO          881    .text.RTC_WriteAlarmCounter  stm32f1xx_hal_rtc.o
    0x0800303c   0x0800303c   0x00000004   PAD
    0x08003040   0x08003040   0x00000024   Code   RO         1355    .text.SVC_Handler   port.o
    0x08003064   0x08003064   0x0000001e   Code   RO         1079    .text.SysTick_Handler  cmsis_os2.o
    0x08003082   0x08003082   0x00000002   PAD
    0x08003084   0x08003084   0x000000e0   Code   RO            4    .text.SystemClock_Config  main.o
    0x08003164   0x08003164   0x00000146   Code   RO         1282    .text.SystemInit    system_stm32f10x.o
    0x080032aa   0x080032aa   0x00000002   PAD
    0x080032ac   0x080032ac   0x0000000c   Code   RO           72    .text.TIM3_IRQHandler  stm32f1xx_it.o
    0x080032b8   0x080032b8   0x0000000c   Code   RO         1021    .text.UART_DMAAbortOnError  stm32f1xx_hal_uart.o
    0x080032c4   0x080032c4   0x0000000e   Code   RO           38    .text.USART1_IRQHandler  main.o
    0x080032d2   0x080032d2   0x00000002   PAD
    0x080032d4   0x080032d4   0x00000002   Code   RO           68    .text.UsageFault_Handler  stm32f1xx_it.o
    0x080032d6   0x080032d6   0x00000002   PAD
    0x080032d8   0x080032d8   0x00000026   Code   RO         1061    .text._mutex_acquire  clib_arm.o
    0x080032fe   0x080032fe   0x00000002   PAD
    0x08003300   0x08003300   0x00000050   Code   RO         1065    .text._mutex_free   clib_arm.o
    0x08003350   0x08003350   0x0000007e   Code   RO         1059    .text._mutex_initialize  clib_arm.o
    0x080033ce   0x080033ce   0x00000002   PAD
    0x080033d0   0x080033d0   0x00000028   Code   RO         1063    .text._mutex_release  clib_arm.o
    0x080033f8   0x080033f8   0x00000002   Code   RO         1055    .text._platform_post_stackheap_init  clib_arm.o
    0x080033fa   0x080033fa   0x00000002   PAD
    0x080033fc   0x080033fc   0x000003cc   Code   RO            2    .text.main          main.o
    0x080037c8   0x080037c8   0x000002b0   Code   RO         1485    .text.prvAddNewTaskToReadyList  tasks.o
    0x08003a78   0x08003a78   0x0000004e   Code   RO         1517    .text.prvIdleTask   tasks.o
    0x08003ac6   0x08003ac6   0x00000002   PAD
    0x08003ac8   0x08003ac8   0x000000f0   Code   RO         1483    .text.prvInitialiseNewTask  tasks.o
    0x08003bb8   0x08003bb8   0x00000020   Code   RO         1361    .text.prvPortStartFirstTask  port.o
    0x08003bd8   0x08003bd8   0x0000002e   Code   RO         1353    .text.prvTaskExitError  port.o
    0x08003c06   0x08003c06   0x00000002   PAD
    0x08003c08   0x08003c08   0x00000322   Code   RO         1604    .text.prvTimerTask  timers.o
    0x08003f2a   0x08003f2a   0x00000002   PAD
    0x08003f2c   0x08003f2c   0x00000074   Code   RO         1432    .text.prvUnlockQueue  queue.o
    0x08003fa0   0x08003fa0   0x000001aa   Code   RO         1382    .text.pvPortMalloc  heap_4.o
    0x0800414a   0x0800414a   0x00000002   PAD
    0x0800414c   0x0800414c   0x00000018   Code   RO         1573    .text.pvTaskIncrementMutexHeldCount  tasks.o
    0x08004164   0x08004164   0x00000020   Code   RO         1351    .text.pxPortInitialiseStack  port.o
    0x08004184   0x08004184   0x000000f2   Code   RO         1575    .text.ulTaskGenericNotifyTake  tasks.o
    0x08004276   0x08004276   0x00000002   PAD
    0x08004278   0x08004278   0x00000022   Code   RO         1341    .text.uxListRemove  list.o
    0x0800429a   0x0800429a   0x00000002   PAD
    0x0800429c   0x0800429c   0x0000000c   Code   RO         1527    .text.uxTaskGetNumberOfTasks  tasks.o
    0x080042a8   0x080042a8   0x00000674   Code   RO         1531    .text.uxTaskGetSystemState  tasks.o
    0x0800491c   0x0800491c   0x0000001a   Code   RO         1229    .text.vApplicationGetIdleTaskMemory  cmsis_os2.o
    0x08004936   0x08004936   0x00000002   PAD
    0x08004938   0x08004938   0x0000001a   Code   RO         1231    .text.vApplicationGetTimerTaskMemory  cmsis_os2.o
    0x08004952   0x08004952   0x00000002   PAD
    0x08004954   0x08004954   0x0000001c   Code   RO           26    .text.vApplicationIdleHook  main.o
    0x08004970   0x08004970   0x00000044   Code   RO           24    .text.vApplicationStackOverflowHook  main.o
    0x080049b4   0x080049b4   0x00000154   Code   RO           10    .text.vErrorHandlerTask  main.o
    0x08004b08   0x08004b08   0x00000016   Code   RO         1333    .text.vListInitialise  list.o
    0x08004b1e   0x08004b1e   0x00000002   PAD
    0x08004b20   0x08004b20   0x00000006   Code   RO         1335    .text.vListInitialiseItem  list.o
    0x08004b26   0x08004b26   0x00000002   PAD
    0x08004b28   0x08004b28   0x00000062   Code   RO         1339    .text.vListInsert   list.o
    0x08004b8a   0x08004b8a   0x00000002   PAD
    0x08004b8c   0x08004b8c   0x00000020   Code   RO         1365    .text.vPortEnterCritical  port.o
    0x08004bac   0x08004bac   0x0000001a   Code   RO         1367    .text.vPortExitCritical  port.o
    0x08004bc6   0x08004bc6   0x00000002   PAD
    0x08004bc8   0x08004bc8   0x000000b8   Code   RO         1384    .text.vPortFree     heap_4.o
    0x08004c80   0x08004c80   0x00000034   Code   RO         1359    .text.vPortSetupTimerInterrupt  port.o
    0x08004cb4   0x08004cb4   0x00000152   Code   RO         1466    .text.vQueueAddToRegistry  queue.o
    0x08004e06   0x08004e06   0x00000002   PAD
    0x08004e08   0x08004e08   0x00000066   Code   RO         1452    .text.vQueueDelete  queue.o
    0x08004e6e   0x08004e6e   0x00000002   PAD
    0x08004e70   0x08004e70   0x00000052   Code   RO         1470    .text.vQueueWaitForMessageRestricted  queue.o
    0x08004ec2   0x08004ec2   0x00000002   PAD
    0x08004ec4   0x08004ec4   0x000004e8   Code   RO           14    .text.vSystemMonitorTask  main.o
    0x080053ac   0x080053ac   0x0000007a   Code   RO         1497    .text.vTaskDelay    tasks.o
    0x08005426   0x08005426   0x00000002   PAD
    0x08005428   0x08005428   0x000000e0   Code   RO         1583    .text.vTaskGenericNotifyGiveFromISR  tasks.o
    0x08005508   0x08005508   0x00000012   Code   RO         1547    .text.vTaskInternalSetTimeOutState  tasks.o
    0x0800551a   0x0800551a   0x00000002   PAD
    0x0800551c   0x0800551c   0x0000000e   Code   RO         1551    .text.vTaskMissedYield  tasks.o
    0x0800552a   0x0800552a   0x00000002   PAD
    0x0800552c   0x0800552c   0x00000086   Code   RO         1535    .text.vTaskPlaceOnEventList  tasks.o
    0x080055b2   0x080055b2   0x00000002   PAD
    0x080055b4   0x080055b4   0x000000a4   Code   RO         1539    .text.vTaskPlaceOnEventListRestricted  tasks.o
    0x08005658   0x08005658   0x00000084   Code   RO         1569    .text.vTaskPriorityDisinheritAfterTimeout  tasks.o
    0x080056dc   0x080056dc   0x000000a0   Code   RO         1515    .text.vTaskStartScheduler  tasks.o
    0x0800577c   0x0800577c   0x00000010   Code   RO         1493    .text.vTaskSuspendAll  tasks.o
    0x0800578c   0x0800578c   0x000000bc   Code   RO         1509    .text.vTaskSwitchContext  tasks.o
    0x08005848   0x08005848   0x000000dc   Code   RO           12    .text.vUARTTask     main.o
    0x08005924   0x08005924   0x0000000c   Code   RO         1386    .text.xPortGetFreeHeapSize  heap_4.o
    0x08005930   0x08005930   0x00000060   Code   RO         1357    .text.xPortStartScheduler  port.o
    0x08005990   0x08005990   0x0000002e   Code   RO         1371    .text.xPortSysTickHandler  port.o
    0x080059be   0x080059be   0x00000002   PAD
    0x080059c0   0x080059c0   0x00000070   Code   RO         1412    .text.xQueueCreateMutex  queue.o
    0x08005a30   0x08005a30   0x0000006a   Code   RO         1414    .text.xQueueCreateMutexStatic  queue.o
    0x08005a9a   0x08005a9a   0x00000002   PAD
    0x08005a9c   0x08005a9c   0x00000094   Code   RO         1410    .text.xQueueGenericCreate  queue.o
    0x08005b30   0x08005b30   0x00000086   Code   RO         1408    .text.xQueueGenericCreateStatic  queue.o
    0x08005bb6   0x08005bb6   0x00000002   PAD
    0x08005bb8   0x08005bb8   0x00000244   Code   RO         1422    .text.xQueueGenericSend  queue.o
    0x08005dfc   0x08005dfc   0x000000fc   Code   RO         1434    .text.xQueueGenericSendFromISR  queue.o
    0x08005ef8   0x08005ef8   0x0000007a   Code   RO         1436    .text.xQueueGiveFromISR  queue.o
    0x08005f72   0x08005f72   0x00000002   PAD
    0x08005f74   0x08005f74   0x000001ee   Code   RO         1438    .text.xQueueReceive  queue.o
    0x08006162   0x08006162   0x00000002   PAD
    0x08006164   0x08006164   0x00000226   Code   RO         1426    .text.xQueueSemaphoreTake  queue.o
    0x0800638a   0x0800638a   0x00000002   PAD
    0x0800638c   0x0800638c   0x00000066   Code   RO         1549    .text.xTaskCheckForTimeOut  tasks.o
    0x080063f2   0x080063f2   0x00000002   PAD
    0x080063f4   0x080063f4   0x00000060   Code   RO         1487    .text.xTaskCreate   tasks.o
    0x08006454   0x08006454   0x00000050   Code   RO         1481    .text.xTaskCreateStatic  tasks.o
    0x080064a4   0x080064a4   0x000000a4   Code   RO         1491    .text.xTaskDelayUntil  tasks.o
    0x08006548   0x08006548   0x0000001e   Code   RO         1563    .text.xTaskGetSchedulerState  tasks.o
    0x08006566   0x08006566   0x00000002   PAD
    0x08006568   0x08006568   0x0000000c   Code   RO         1523    .text.xTaskGetTickCount  tasks.o
    0x08006574   0x08006574   0x0000015e   Code   RO         1521    .text.xTaskIncrementTick  tasks.o
    0x080066d2   0x080066d2   0x00000002   PAD
    0x080066d4   0x080066d4   0x00000076   Code   RO         1567    .text.xTaskPriorityDisinherit  tasks.o
    0x0800674a   0x0800674a   0x00000002   PAD
    0x0800674c   0x0800674c   0x000000ac   Code   RO         1565    .text.xTaskPriorityInherit  tasks.o
    0x080067f8   0x080067f8   0x000000c8   Code   RO         1541    .text.xTaskRemoveFromEventList  tasks.o
    0x080068c0   0x080068c0   0x00000124   Code   RO         1495    .text.xTaskResumeAll  tasks.o
    0x080069e4   0x080069e4   0x000000a8   Code   RO         1602    .text.xTimerCreateTimerTask  timers.o
    0x08006a8c   0x08006a8c   0x0000000e   Code   RO         1698    i._is_digit         c_w.l(__printf_wp.o)
    0x08006a9a   0x08006a9a   0x00000028   Data   RO         1671    .constdata          c_w.l(_printf_hex_int.o)
    0x08006ac2   0x08006ac2   0x00000011   Data   RO         1706    .constdata          c_w.l(__printf_flags_ss_wp.o)
    0x08006ad3   0x08006ad3   0x00000002   Data   RO          517    .rodata..L__const.HAL_RCC_GetSysClockFreq.aPredivFactorTable  stm32f1xx_hal_rcc.o
    0x08006ad5   0x08006ad5   0x00000003   PAD
    0x08006ad8   0x08006ad8   0x00000015   Data   RO           43    .rodata..L__const.vUARTTask.error_info  main.o
    0x08006aed   0x08006aed   0x00000003   PAD
    0x08006af0   0x08006af0   0x00000015   Data   RO           44    .rodata..L__const.vUARTTask.error_info.11  main.o
    0x08006b05   0x08006b05   0x00000010   Data   RO         1287    .rodata.AHBPrescTable  system_stm32f10x.o
    0x08006b15   0x08006b15   0x00000003   PAD
    0x08006b18   0x08006b18   0x00000020   Data   RO          515    .rodata.APBPrescTable  stm32f1xx_hal_rcc.o
    0x08006b38   0x08006b38   0x00000010   Data   RO          516    .rodata.cst16       stm32f1xx_hal_rcc.o
    0x08006b48   0x08006b48   0x0000002d   Data   RO           42    .rodata.str1.1      main.o
    0x08006b75   0x08006b75   0x00000005   Data   RO         1644    .rodata.str1.1      timers.o
    0x08006b7a   0x08006b7a   0x00000002   PAD
    0x08006b7c   0x08006b7c   0x00000004   Data   RO         1590    .rodata.uxTopUsedPriority  tasks.o
    0x08006b80   0x08006b80   0x00000020   Data   RO         1900    Region$$Table       anon$$obj.o


    Execution Region RW_IRAM1 (Exec base: 0x20000000, Load base: 0x08006ba0, Size: 0x00003d48, Max: 0x00005000, ABSOLUTE)

    Exec Addr    Load Addr    Size         Type   Attr      Idx    E Section Name        Object

    0x20000000   0x08006ba0   0x00000008   Data   RW          478    .data..L_MergedGlobals  stm32f1xx_hal.o
    0x20000008   0x08006ba8   0x00000004   Data   RW         1286    .data.SystemCoreClock  system_stm32f10x.o
    0x2000000c   0x08006bac   0x00000004   Data   RW         1373    .data.uxCriticalNesting  port.o
    0x20000010        -       0x00000060   Zero   RW         1765    .bss                c_w.l(libspace.o)
    0x20000070        -       0x0000005c   Zero   RW           50    .bss..L_MergedGlobals  main.o
    0x200000cc        -       0x0000001c   Zero   RW         1397    .bss..L_MergedGlobals  heap_4.o
    0x200000e8        -       0x00000074   Zero   RW         1592    .bss..L_MergedGlobals  tasks.o
    0x2000015c        -       0x0000003c   Zero   RW         1645    .bss..L_MergedGlobals  timers.o
    0x20000198        -       0x00000070   Zero   RW           51    .bss..L_MergedGlobals.18  main.o
    0x20000208        -       0x00000028   Zero   RW         1593    .bss..L_MergedGlobals.2  tasks.o
    0x20000230        -       0x00000190   Zero   RW         1070    .bss.clib_mutex_cb  clib_arm.o
    0x200003c0        -       0x00000014   Zero   RW         1069    .bss.clib_mutex_id  clib_arm.o
    0x200003d4        -       0x00000044   Zero   RW           48    .bss.hdma_adc1      main.o
    0x20000418        -       0x00000044   Zero   RW           47    .bss.hdma_usart1_tx  main.o
    0x2000045c        -       0x00000040   Zero   RW          101    .bss.htim3          stm32f1xx_hal_timebase_tim.o
    0x2000049c        -       0x00000050   Zero   RW         1643    .bss.prvCheckForValidListAndQueue.ucStaticTimerQueueStorage  timers.o
    0x200004ec        -       0x00000050   Zero   RW         1642    .bss.prvCheckForValidListAndQueue.xStaticTimerQueue  timers.o
    0x2000053c        -       0x00000004   Zero   RW         1589    .bss.pxCurrentTCB   tasks.o
    0x20000540        -       0x00000460   Zero   RW         1591    .bss.pxReadyTasksLists  tasks.o
    0x200009a0        -       0x00002800   Zero   RW         1396    .bss.ucHeap         heap_4.o
    0x200031a0        -       0x00000004   Zero   RW          477    .bss.uwTick         stm32f1xx_hal.o
    0x200031a4        -       0x00000200   Zero   RW         1235    .bss.vApplicationGetIdleTaskMemory.Idle_Stack  cmsis_os2.o
    0x200033a4        -       0x0000005c   Zero   RW         1234    .bss.vApplicationGetIdleTaskMemory.Idle_TCB  cmsis_os2.o
    0x20003400        -       0x00000140   Zero   RW         1237    .bss.vApplicationGetTimerTaskMemory.Timer_Stack  cmsis_os2.o
    0x20003540        -       0x0000005c   Zero   RW         1236    .bss.vApplicationGetTimerTaskMemory.Timer_TCB  cmsis_os2.o
    0x2000359c        -       0x00000004   Zero   RW           46    .bss.vApplicationIdleHook.xLastIdleTime  main.o
    0x200035a0        -       0x00000168   Zero   RW           45    .bss.vSystemMonitorTask.taskStats  main.o
    0x20003708        -       0x00000040   Zero   RW         1472    .bss.xQueueRegistry  queue.o
    0x20003748        -       0x00000200   Zero   RW         1273    HEAP                startup_stm32f10x_md.o
    0x20003948        -       0x00000400   Zero   RW         1272    STACK               startup_stm32f10x_md.o


==============================================================================

Image component sizes


      Code (inc. data)   RO Data    RW Data    ZI Data      Debug   Object Name

       286          0          0          0        420       4573   clib_arm.o
        82          0          0          0       1016      56932   cmsis_os2.o
       622          0          0          0      10268       6061   heap_4.o
       160          0          0          0          0       2494   list.o
      4006        204         87          0        704      20942   main.o
       466         12          0          4          0       2970   port.o
      3136          0          0          0         64      27186   queue.o
        64         26        236          0       1536        864   startup_stm32f10x_md.o
       116          0          0          8          4       5661   stm32f1xx_hal.o
      1186          0          0          0          0      13739   stm32f1xx_hal_adc.o
       152          0          0          0          0       8365   stm32f1xx_hal_cortex.o
       864          0          0          0          0       8596   stm32f1xx_hal_dma.o
       538         20          0          0          0       4649   stm32f1xx_hal_gpio.o
        82          0          0          0          0       1666   stm32f1xx_hal_iwdg.o
       136          0          0          0          0       2665   stm32f1xx_hal_msp.o
        12          0          0          0          0       4255   stm32f1xx_hal_pwr.o
      1614          0         50          0          0       8144   stm32f1xx_hal_rcc.o
       506         20          0          0          0       3696   stm32f1xx_hal_rcc_ex.o
      1848          0          0          0          0      20162   stm32f1xx_hal_rtc.o
       568          0          0          0          0      50400   stm32f1xx_hal_tim.o
         4          0          0          0          0      17095   stm32f1xx_hal_tim_ex.o
       178          0          0          0         64       5395   stm32f1xx_hal_timebase_tim.o
      1248          0          0          0          0      20035   stm32f1xx_hal_uart.o
        24          0          0          0          0       3612   stm32f1xx_it.o
       326          0         16          4          0       2799   system_stm32f10x.o
      5724          8          4          0       1280      44300   tasks.o
       970         20          5          0        220      15815   timers.o

    ----------------------------------------------------------------------
     25084        310        441         16      15576     363071   Object Totals
         0          0         32          0          0          0   (incl. Generated)
       166          0         11          0          0          0   (incl. Padding)

    ----------------------------------------------------------------------

      Code (inc. data)   RO Data    RW Data    ZI Data      Debug   Library Member Name

        64          6          0          0          0         84   __2snprintf.o
         8          0          0          0          0         68   __main.o
       392          4         17          0          0         92   __printf_flags_ss_wp.o
        14          0          0          0          0         68   __printf_wp.o
         0          0          0          0          0          0   __rtentry.o
        20          0          0          0          0          0   __rtentry2.o
         6          0          0          0          0          0   __rtentry4.o
        94          8          0          0          0          0   __scatter.o
        26          0          0          0          0          0   __scatter_copy.o
        28          0          0          0          0          0   __scatter_zi.o
        44          0          0          0          0        108   _printf_char.o
        48          6          0          0          0         96   _printf_char_common.o
         6          0          0          0          0          0   _printf_d.o
       120         16          0          0          0         92   _printf_dec.o
        88          4         40          0          0         88   _printf_hex_int.o
       178          0          0          0          0         88   _printf_intcommon.o
        78          0          0          0          0        108   _printf_pad.o
         0          0          0          0          0          0   _printf_percent.o
         4          0          0          0          0          0   _printf_percent_end.o
         6          0          0          0          0          0   _printf_s.o
        82          0          0          0          0         80   _printf_str.o
         6          0          0          0          0          0   _printf_u.o
         6          0          0          0          0          0   _printf_x.o
        16          0          0          0          0         68   _snputc.o
        16          0          0          0          0         68   aeabi_memset4.o
        18          0          0          0          0         80   exit.o
         6          0          0          0          0        152   heapauxi.o
         0          0          0          0          0          0   indicate_semi.o
         2          0          0          0          0          0   libinit.o
         2          0          0          0          0          0   libinit2.o
         2          0          0          0          0          0   libshutdown.o
         2          0          0          0          0          0   libshutdown2.o
         8          4          0          0         96         68   libspace.o
        68          0          0          0          0         68   rt_memclr.o
        78          0          0          0          0         80   rt_memclr_w.o
       138          0          0          0          0         68   rt_memcpy_v6.o
       100          0          0          0          0         80   rt_memcpy_w.o
         2          0          0          0          0          0   rtexit.o
        10          0          0          0          0          0   rtexit2.o
        86          0          0          0          0         76   strncpy.o
        12          4          0          0          0         68   sys_exit.o
        74          0          0          0          0         80   sys_stackheap_outer.o
         2          0          0          0          0         68   use_no_semi.o

    ----------------------------------------------------------------------
      1970         52         57          0         96       1996   Library Totals
        10          0          0          0          0          0   (incl. Padding)

    ----------------------------------------------------------------------

      Code (inc. data)   RO Data    RW Data    ZI Data      Debug   Library Name

      1960         52         57          0         96       1996   c_w.l

    ----------------------------------------------------------------------
      1970         52         57          0         96       1996   Library Totals

    ----------------------------------------------------------------------

==============================================================================


      Code (inc. data)   RO Data    RW Data    ZI Data      Debug   

     27054        362        498         16      15672     363643   Grand Totals
     27054        362        498         16      15672     363643   ELF Image Totals
     27054        362        498         16          0          0   ROM Totals

==============================================================================

    Total RO  Size (Code + RO Data)                27552 (  26.91kB)
    Total RW  Size (RW Data + ZI Data)             15688 (  15.32kB)
    Total ROM Size (Code + RO Data + RW Data)      27568 (  26.92kB)

==============================================================================

